Archive member included to satisfy reference by file (symbol)

C:\Users\HirenTejani\OneDrive - Virginia Transformer India Private Limited\Desktop\Hiren Tejani\Firmware\Veeral Slave\Drivers\CMSIS\Lib\GCC\libarm_cortexM4lf_math.a(arm_sin_f32.o)
                              ./App/Src/Kalman.o (arm_sin_f32)
C:\Users\HirenTejani\OneDrive - Virginia Transformer India Private Limited\Desktop\Hiren Tejani\Firmware\Veeral Slave\Drivers\CMSIS\Lib\GCC\libarm_cortexM4lf_math.a(arm_cos_f32.o)
                              ./App/Src/Kalman.o (arm_cos_f32)
C:\Users\HirenTejani\OneDrive - Virginia Transformer India Private Limited\Desktop\Hiren Tejani\Firmware\Veeral Slave\Drivers\CMSIS\Lib\GCC\libarm_cortexM4lf_math.a(arm_common_tables.o)
                              C:\Users\HirenTejani\OneDrive - Virginia Transformer India Private Limited\Desktop\Hiren Tejani\Firmware\Veeral Slave\Drivers\CMSIS\Lib\GCC\libarm_cortexM4lf_math.a(arm_sin_f32.o) (sinTable_f32)
c:/st/stm32cubeide_1.12.0/stm32cubeide/plugins/com.st.stm32cube.ide.mcu.externaltools.gnu-tools-for-stm32.10.3-2021.10.win32_1.0.200.202301161003/tools/bin/../lib/gcc/arm-none-eabi/10.3.1/../../../../arm-none-eabi/lib/thumb/v7e-m+fp/hard\libc_nano.a(lib_a-errno.o)
                              ./Core/Src/syscalls.o (__errno)
c:/st/stm32cubeide_1.12.0/stm32cubeide/plugins/com.st.stm32cube.ide.mcu.externaltools.gnu-tools-for-stm32.10.3-2021.10.win32_1.0.200.202301161003/tools/bin/../lib/gcc/arm-none-eabi/10.3.1/../../../../arm-none-eabi/lib/thumb/v7e-m+fp/hard\libc_nano.a(lib_a-exit.o)
                              c:/st/stm32cubeide_1.12.0/stm32cubeide/plugins/com.st.stm32cube.ide.mcu.externaltools.gnu-tools-for-stm32.10.3-2021.10.win32_1.0.200.202301161003/tools/bin/../lib/gcc/arm-none-eabi/10.3.1/../../../../arm-none-eabi/lib/thumb/v7e-m+fp/hard/crt0.o (exit)
c:/st/stm32cubeide_1.12.0/stm32cubeide/plugins/com.st.stm32cube.ide.mcu.externaltools.gnu-tools-for-stm32.10.3-2021.10.win32_1.0.200.202301161003/tools/bin/../lib/gcc/arm-none-eabi/10.3.1/../../../../arm-none-eabi/lib/thumb/v7e-m+fp/hard\libc_nano.a(lib_a-impure.o)
                              c:/st/stm32cubeide_1.12.0/stm32cubeide/plugins/com.st.stm32cube.ide.mcu.externaltools.gnu-tools-for-stm32.10.3-2021.10.win32_1.0.200.202301161003/tools/bin/../lib/gcc/arm-none-eabi/10.3.1/../../../../arm-none-eabi/lib/thumb/v7e-m+fp/hard\libc_nano.a(lib_a-exit.o) (_global_impure_ptr)
c:/st/stm32cubeide_1.12.0/stm32cubeide/plugins/com.st.stm32cube.ide.mcu.externaltools.gnu-tools-for-stm32.10.3-2021.10.win32_1.0.200.202301161003/tools/bin/../lib/gcc/arm-none-eabi/10.3.1/../../../../arm-none-eabi/lib/thumb/v7e-m+fp/hard\libc_nano.a(lib_a-init.o)
                              c:/st/stm32cubeide_1.12.0/stm32cubeide/plugins/com.st.stm32cube.ide.mcu.externaltools.gnu-tools-for-stm32.10.3-2021.10.win32_1.0.200.202301161003/tools/bin/../lib/gcc/arm-none-eabi/10.3.1/../../../../arm-none-eabi/lib/thumb/v7e-m+fp/hard/crt0.o (__libc_init_array)
c:/st/stm32cubeide_1.12.0/stm32cubeide/plugins/com.st.stm32cube.ide.mcu.externaltools.gnu-tools-for-stm32.10.3-2021.10.win32_1.0.200.202301161003/tools/bin/../lib/gcc/arm-none-eabi/10.3.1/../../../../arm-none-eabi/lib/thumb/v7e-m+fp/hard\libc_nano.a(lib_a-memcpy-stub.o)
                              ./Core/Src/ModbusRTU_Slave.o (memcpy)
c:/st/stm32cubeide_1.12.0/stm32cubeide/plugins/com.st.stm32cube.ide.mcu.externaltools.gnu-tools-for-stm32.10.3-2021.10.win32_1.0.200.202301161003/tools/bin/../lib/gcc/arm-none-eabi/10.3.1/../../../../arm-none-eabi/lib/thumb/v7e-m+fp/hard\libc_nano.a(lib_a-memset.o)
                              c:/st/stm32cubeide_1.12.0/stm32cubeide/plugins/com.st.stm32cube.ide.mcu.externaltools.gnu-tools-for-stm32.10.3-2021.10.win32_1.0.200.202301161003/tools/bin/../lib/gcc/arm-none-eabi/10.3.1/../../../../arm-none-eabi/lib/thumb/v7e-m+fp/hard/crt0.o (memset)
c:/st/stm32cubeide_1.12.0/stm32cubeide/plugins/com.st.stm32cube.ide.mcu.externaltools.gnu-tools-for-stm32.10.3-2021.10.win32_1.0.200.202301161003/tools/bin/../lib/gcc/arm-none-eabi/10.3.1/thumb/v7e-m+fp/hard\libgcc.a(_arm_muldf3.o)
                              ./App/Src/debug.o (__aeabi_dmul)
c:/st/stm32cubeide_1.12.0/stm32cubeide/plugins/com.st.stm32cube.ide.mcu.externaltools.gnu-tools-for-stm32.10.3-2021.10.win32_1.0.200.202301161003/tools/bin/../lib/gcc/arm-none-eabi/10.3.1/thumb/v7e-m+fp/hard\libgcc.a(_arm_addsubdf3.o)
                              ./App/Src/ntc_measurement.o (__aeabi_dadd)
c:/st/stm32cubeide_1.12.0/stm32cubeide/plugins/com.st.stm32cube.ide.mcu.externaltools.gnu-tools-for-stm32.10.3-2021.10.win32_1.0.200.202301161003/tools/bin/../lib/gcc/arm-none-eabi/10.3.1/thumb/v7e-m+fp/hard\libgcc.a(_arm_muldivdf3.o)
                              ./App/Src/process.o (__aeabi_ddiv)
[...]
Memory Configuration

Name             Origin             Length             Attributes
RAM              0x0000000020000000 0x0000000000020000 xrw
FLASH            0x0000000008000000 0x0000000000080000 xr
*default*        0x0000000000000000 0xffffffffffffffff

Linker script and memory map

LOAD c:/st/stm32cubeide_1.12.0/stm32cubeide/plugins/com.st.stm32cube.ide.mcu.externaltools.gnu-tools-for-stm32.10.3-2021.10.win32_1.0.200.202301161003/tools/bin/../lib/gcc/arm-none-eabi/10.3.1/thumb/v7e-m+fp/hard/crti.o
LOAD c:/st/stm32cubeide_1.12.0/stm32cubeide/plugins/com.st.stm32cube.ide.mcu.externaltools.gnu-tools-for-stm32.10.3-2021.10.win32_1.0.200.202301161003/tools/bin/../lib/gcc/arm-none-eabi/10.3.1/thumb/v7e-m+fp/hard/crtbegin.o
LOAD c:/st/stm32cubeide_1.12.0/stm32cubeide/plugins/com.st.stm32cube.ide.mcu.externaltools.gnu-tools-for-stm32.10.3-2021.10.win32_1.0.200.202301161003/tools/bin/../lib/gcc/arm-none-eabi/10.3.1/../../../../arm-none-eabi/lib/thumb/v7e-m+fp/hard/crt0.o
LOAD ./App/Src/Kalman.o
LOAD ./App/Src/debug.o
LOAD ./App/Src/i2cEeprom.o
LOAD ./App/Src/io.o
LOAD ./App/Src/measurement.o
LOAD ./App/Src/ntc_measurement.o
LOAD ./App/Src/pcp.o
LOAD ./App/Src/process.o
LOAD ./App/Src/protection.o
LOAD ./App/Src/soft_start.o
LOAD ./Core/Src/CAN1_Receving.o
LOAD ./Core/Src/CAN1_Transmitting.o
LOAD ./Core/Src/CAN2_Receving.o
LOAD ./Core/Src/CAN2_Transmitting.o
LOAD ./Core/Src/Can_Data_Xchange.o
LOAD ./Core/Src/ModbusRTU_Slave.o
LOAD ./Core/Src/adc.o
LOAD ./Core/Src/dac.o
LOAD ./Core/Src/dma.o
LOAD ./Core/Src/error_display.o
LOAD ./Core/Src/gpio.o
LOAD ./Core/Src/hrtim.o
LOAD ./Core/Src/i2c.o
LOAD ./Core/Src/main.o
LOAD ./Core/Src/spi.o
LOAD ./Core/Src/stm32g4xx_hal_msp.o
LOAD ./Core/Src/stm32g4xx_it.o
LOAD ./Core/Src/syscalls.o
LOAD ./Core/Src/sysmem.o
LOAD ./Core/Src/system_stm32g4xx.o
LOAD ./Core/Src/tim.o
LOAD ./Core/Src/usart.o
LOAD ./Core/Startup/startup_stm32g474vetx.o
LOAD ./Drivers/STM32G4xx_HAL_Driver/Src/stm32g4xx_hal.o
LOAD ./Drivers/STM32G4xx_HAL_Driver/Src/stm32g4xx_hal_adc.o
LOAD ./Drivers/STM32G4xx_HAL_Driver/Src/stm32g4xx_hal_adc_ex.o
LOAD ./Drivers/STM32G4xx_HAL_Driver/Src/stm32g4xx_hal_cortex.o
LOAD ./Drivers/STM32G4xx_HAL_Driver/Src/stm32g4xx_hal_dac.o
LOAD ./Drivers/STM32G4xx_HAL_Driver/Src/stm32g4xx_hal_dac_ex.o
LOAD ./Drivers/STM32G4xx_HAL_Driver/Src/stm32g4xx_hal_dma.o
LOAD ./Drivers/STM32G4xx_HAL_Driver/Src/stm32g4xx_hal_dma_ex.o
LOAD ./Drivers/STM32G4xx_HAL_Driver/Src/stm32g4xx_hal_exti.o
LOAD ./Drivers/STM32G4xx_HAL_Driver/Src/stm32g4xx_hal_flash.o
LOAD ./Drivers/STM32G4xx_HAL_Driver/Src/stm32g4xx_hal_flash_ex.o
LOAD ./Drivers/STM32G4xx_HAL_Driver/Src/stm32g4xx_hal_flash_ramfunc.o
LOAD ./Drivers/STM32G4xx_HAL_Driver/Src/stm32g4xx_hal_gpio.o
LOAD ./Drivers/STM32G4xx_HAL_Driver/Src/stm32g4xx_hal_hrtim.o
LOAD ./Drivers/STM32G4xx_HAL_Driver/Src/stm32g4xx_hal_i2c.o
LOAD ./Drivers/STM32G4xx_HAL_Driver/Src/stm32g4xx_hal_i2c_ex.o
LOAD ./Drivers/STM32G4xx_HAL_Driver/Src/stm32g4xx_hal_pwr.o
LOAD ./Drivers/STM32G4xx_HAL_Driver/Src/stm32g4xx_hal_pwr_ex.o
LOAD ./Drivers/STM32G4xx_HAL_Driver/Src/stm32g4xx_hal_rcc.o
LOAD ./Drivers/STM32G4xx_HAL_Driver/Src/stm32g4xx_hal_rcc_ex.o
LOAD ./Drivers/STM32G4xx_HAL_Driver/Src/stm32g4xx_hal_spi.o
LOAD ./Drivers/STM32G4xx_HAL_Driver/Src/stm32g4xx_hal_spi_ex.o
LOAD ./Drivers/STM32G4xx_HAL_Driver/Src/stm32g4xx_hal_tim.o
LOAD ./Drivers/STM32G4xx_HAL_Driver/Src/stm32g4xx_hal_tim_ex.o
LOAD ./Drivers/STM32G4xx_HAL_Driver/Src/stm32g4xx_hal_uart.o
LOAD ./Drivers/STM32G4xx_HAL_Driver/Src/stm32g4xx_hal_uart_ex.o
LOAD ./Drivers/STM32G4xx_HAL_Driver/Src/stm32g4xx_ll_adc.o
LOAD C:\Users\HirenTejani\OneDrive - Virginia Transformer India Private Limited\Desktop\Hiren Tejani\Firmware\Veeral Slave\Drivers\CMSIS\Lib\GCC\libarm_cortexM4lf_math.a
START GROUP
LOAD c:/st/stm32cubeide_1.12.0/stm32cubeide/plugins/com.st.stm32cube.ide.mcu.externaltools.gnu-tools-for-stm32.10.3-2021.10.win32_1.0.200.202301161003/tools/bin/../lib/gcc/arm-none-eabi/10.3.1/../../../../arm-none-eabi/lib/thumb/v7e-m+fp/hard\libc_nano.a
LOAD c:/st/stm32cubeide_1.12.0/stm32cubeide/plugins/com.st.stm32cube.ide.mcu.externaltools.gnu-tools-for-stm32.10.3-2021.10.win32_1.0.200.202301161003/tools/bin/../lib/gcc/arm-none-eabi/10.3.1/../../../../arm-none-eabi/lib/thumb/v7e-m+fp/hard\libm.a
END GROUP
START GROUP
LOAD c:/st/stm32cubeide_1.12.0/stm32cubeide/plugins/com.st.stm32cube.ide.mcu.externaltools.gnu-tools-for-stm32.10.3-2021.10.win32_1.0.200.202301161003/tools/bin/../lib/gcc/arm-none-eabi/10.3.1/thumb/v7e-m+fp/hard\libgcc.a
LOAD c:/st/stm32cubeide_1.12.0/stm32cubeide/plugins/com.st.stm32cube.ide.mcu.externaltools.gnu-tools-for-stm32.10.3-2021.10.win32_1.0.200.202301161003/tools/bin/../lib/gcc/arm-none-eabi/10.3.1/../../../../arm-none-eabi/lib/thumb/v7e-m+fp/hard\libc_nano.a
END GROUP
START GROUP
LOAD c:/st/stm32cubeide_1.12.0/stm32cubeide/plugins/com.st.stm32cube.ide.mcu.externaltools.gnu-tools-for-stm32.10.3-2021.10.win32_1.0.200.202301161003/tools/bin/../lib/gcc/arm-none-eabi/10.3.1/thumb/v7e-m+fp/hard\libgcc.a
LOAD c:/st/stm32cubeide_1.12.0/stm32cubeide/plugins/com.st.stm32cube.ide.mcu.externaltools.gnu-tools-for-stm32.10.3-2021.10.win32_1.0.200.202301161003/tools/bin/../lib/gcc/arm-none-eabi/10.3.1/../../../../arm-none-eabi/lib/thumb/v7e-m+fp/hard\libc_nano.a
LOAD c:/st/stm32cubeide_1.12.0/stm32cubeide/plugins/com.st.stm32cube.ide.mcu.externaltools.gnu-tools-for-stm32.10.3-2021.10.win32_1.0.200.202301161003/tools/bin/../lib/gcc/arm-none-eabi/10.3.1/../../../../arm-none-eabi/lib/thumb/v7e-m+fp/hard\libnosys.a
END GROUP
START GROUP
LOAD c:/st/stm32cubeide_1.12.0/stm32cubeide/plugins/com.st.stm32cube.ide.mcu.externaltools.gnu-tools-for-stm32.10.3-2021.10.win32_1.0.200.202301161003/tools/bin/../lib/gcc/arm-none-eabi/10.3.1/thumb/v7e-m+fp/hard\libgcc.a
LOAD c:/st/stm32cubeide_1.12.0/stm32cubeide/plugins/com.st.stm32cube.ide.mcu.externaltools.gnu-tools-for-stm32.10.3-2021.10.win32_1.0.200.202301161003/tools/bin/../lib/gcc/arm-none-eabi/10.3.1/../../../../arm-none-eabi/lib/thumb/v7e-m+fp/hard\libc_nano.a
LOAD c:/st/stm32cubeide_1.12.0/stm32cubeide/plugins/com.st.stm32cube.ide.mcu.externaltools.gnu-tools-for-stm32.10.3-2021.10.win32_1.0.200.202301161003/tools/bin/../lib/gcc/arm-none-eabi/10.3.1/../../../../arm-none-eabi/lib/thumb/v7e-m+fp/hard\libnosys.a
END GROUP
LOAD c:/st/stm32cubeide_1.12.0/stm32cubeide/plugins/com.st.stm32cube.ide.mcu.externaltools.gnu-tools-for-stm32.10.3-2021.10.win32_1.0.200.202301161003/tools/bin/../lib/gcc/arm-none-eabi/10.3.1/thumb/v7e-m+fp/hard/crtend.o
LOAD c:/st/stm32cubeide_1.12.0/stm32cubeide/plugins/com.st.stm32cube.ide.mcu.externaltools.gnu-tools-for-stm32.10.3-2021.10.win32_1.0.200.202301161003/tools/bin/../lib/gcc/arm-none-eabi/10.3.1/thumb/v7e-m+fp/hard/crtn.o
                0x0000000020020000                _estack = (ORIGIN (RAM) + LENGTH (RAM))
                0x0000000000000200                _Min_Heap_Size = 0x200
                0x0000000000000400                _Min_Stack_Size = 0x400

.isr_vector     0x0000000008000000      0x1d8
                0x0000000008000000                . = ALIGN (0x4)
 *(.isr_vector)
 .isr_vector    0x0000000008000000      0x1d8 ./Core/Startup/startup_stm32g474vetx.o
                0x0000000008000000                g_pfnVectors
                0x00000000080001d8                . = ALIGN (0x4)

.text           0x00000000080001d8     0xe084
                0x00000000080001d8                . = ALIGN (0x4)
 *(.text)
 .text          0x00000000080001d8       0x40 c:/st/stm32cubeide_1.12.0/stm32cubeide/plugins/com.st.stm32cube.ide.mcu.externaltools.gnu-tools-for-stm32.10.3-2021.10.win32_1.0.200.202301161003/tools/bin/../lib/gcc/arm-none-eabi/10.3.1/thumb/v7e-m+fp/hard/crtbegin.o
 .text          0x0000000008000218      0x378 c:/st/stm32cubeide_1.12.0/stm32cubeide/plugins/com.st.stm32cube.ide.mcu.externaltools.gnu-tools-for-stm32.10.3-2021.10.win32_1.0.200.202301161003/tools/bin/../lib/gcc/arm-none-eabi/10.3.1/thumb/v7e-m+fp/hard\libgcc.a(_arm_addsubdf3.o)
                0x0000000008000218                __aeabi_drsub
                0x0000000008000220                __aeabi_dsub
                0x0000000008000220                __subdf3
                0x0000000008000224                __aeabi_dadd
                0x0000000008000224                __adddf3
                0x000000000800049c                __floatunsidf
                0x000000000800049c                __aeabi_ui2d
                0x00000000080004bc                __floatsidf
                0x00000000080004bc                __aeabi_i2d
                0x00000000080004e0                __aeabi_f2d
                0x00000000080004e0                __extendsfdf2
                0x0000000008000524                __floatundidf
                0x0000000008000524                __aeabi_ul2d
                0x0000000008000534                __floatdidf
                0x0000000008000534                __aeabi_l2d
 .text          0x0000000008000590      0x424 c:/st/stm32cubeide_1.12.0/stm32cubeide/plugins/com.st.stm32cube.ide.mcu.externaltools.gnu-tools-for-stm32.10.3-2021.10.win32_1.0.200.202301161003/tools/bin/../lib/gcc/arm-none-eabi/10.3.1/thumb/v7e-m+fp/hard\libgcc.a(_arm_muldivdf3.o)
                0x0000000008000590                __aeabi_dmul
                0x0000000008000590                __muldf3
                0x00000000080007e4                __divdf3
                0x00000000080007e4                __aeabi_ddiv
 .text          0x00000000080009b4       0xa0 c:/st/stm32cubeide_1.12.0/stm32cubeide/plugins/com.st.stm32cube.ide.mcu.externaltools.gnu-tools-for-stm32.10.3-2021.10.win32_1.0.200.202301161003/tools/bin/../lib/gcc/arm-none-eabi/10.3.1/thumb/v7e-m+fp/hard\libgcc.a(_arm_truncdfsf2.o)
                0x00000000080009b4                __truncdfsf2
                0x00000000080009b4                __aeabi_d2f
 .text          0x0000000008000a54       0x30 c:/st/stm32cubeide_1.12.0/stm32cubeide/plugins/com.st.stm32cube.ide.mcu.externaltools.gnu-tools-for-stm32.10.3-2021.10.win32_1.0.200.202301161003/tools/bin/../lib/gcc/arm-none-eabi/10.3.1/thumb/v7e-m+fp/hard\libgcc.a(_aeabi_uldivmod.o)
                0x0000000008000a54                __aeabi_uldivmod
 .text          0x0000000008000a84      0x2d0 c:/st/stm32cubeide_1.12.0/stm32cubeide/plugins/com.st.stm32cube.ide.mcu.externaltools.gnu-tools-for-stm32.10.3-2021.10.win32_1.0.200.202301161003/tools/bin/../lib/gcc/arm-none-eabi/10.3.1/thumb/v7e-m+fp/hard\libgcc.a(_udivmoddi4.o)
                0x0000000008000a84                __udivmoddi4
 .text          0x0000000008000d54        0x4 c:/st/stm32cubeide_1.12.0/stm32cubeide/plugins/com.st.stm32cube.ide.mcu.externaltools.gnu-tools-for-stm32.10.3-2021.10.win32_1.0.200.202301161003/tools/bin/../lib/gcc/arm-none-eabi/10.3.1/thumb/v7e-m+fp/hard\libgcc.a(_dvmd_tls.o)
                0x0000000008000d54                __aeabi_idiv0
                0x0000000008000d54                __aeabi_ldiv0
 *(.text*)
 .text.DAC_Update
                0x0000000008000d58      0x208 ./App/Src/debug.o
                0x0000000008000d58                DAC_Update
 .text.DAC_Out  0x0000000008000f60       0x64 ./App/Src/debug.o
                0x0000000008000f60                DAC_Out
 .text.eeprom_crc_generate
                0x0000000008000fc4       0x7e ./App/Src/i2cEeprom.o
                0x0000000008000fc4                eeprom_crc_generate
 *fill*         0x0000000008001042        0x2 
 .text.writeStructureToEeprom
                0x0000000008001044       0x90 ./App/Src/i2cEeprom.o
                0x0000000008001044                writeStructureToEeprom
 .text.readStructurefromEeprom
                0x00000000080010d4       0xb8 ./App/Src/i2cEeprom.o
                0x00000000080010d4                readStructurefromEeprom
 .text.para_load
                0x000000000800118c       0x50 ./App/Src/i2cEeprom.o
                0x000000000800118c                para_load
 .text.para_save
                0x00000000080011dc       0x18 ./App/Src/i2cEeprom.o
                0x00000000080011dc                para_save
 .text.getDigiIn
                0x00000000080011f4       0x10 ./App/Src/io.o
                0x00000000080011f4                getDigiIn
 .text.parameterCalculations_ADC1
                0x0000000008001204       0x88 ./App/Src/measurement.o
                0x0000000008001204                parameterCalculations_ADC1
 .text.parameterCalculations_ADC2
                0x000000000800128c       0x88 ./App/Src/measurement.o
                0x000000000800128c                parameterCalculations_ADC2
 .text.parameterCalculations_ADC3
                0x0000000008001314       0x7c ./App/Src/measurement.o
                0x0000000008001314                parameterCalculations_ADC3
 .text.parameterCalculations_ADC4
                0x0000000008001390       0x54 ./App/Src/measurement.o
                0x0000000008001390                parameterCalculations_ADC4
 .text.calculateTemperature
                0x00000000080013e4       0xd8 ./App/Src/ntc_measurement.o
                0x00000000080013e4                calculateTemperature
 .text.calculateTrafoTemperature
                0x00000000080014bc       0x74 ./App/Src/ntc_measurement.o
                0x00000000080014bc                calculateTrafoTemperature
 .text.generate_address
                0x0000000008001530       0xbc ./App/Src/pcp.o
                0x0000000008001530                generate_address
 .text.CELL_TEST
                0x00000000080015ec      0x14c ./App/Src/process.o
                0x00000000080015ec                CELL_TEST
 .text.PSFBON   0x0000000008001738       0x60 ./App/Src/process.o
                0x0000000008001738                PSFBON
 .text.PSFBOFF  0x0000000008001798       0xbc ./App/Src/process.o
                0x0000000008001798                PSFBOFF
 .text.PWMON    0x0000000008001854       0x14 ./App/Src/process.o
                0x0000000008001854                PWMON
 .text.PWMOFF   0x0000000008001868       0x20 ./App/Src/process.o
                0x0000000008001868                PWMOFF
 .text.protectionMonitoring_DC
                0x0000000008001888       0x90 ./App/Src/process.o
                0x0000000008001888                protectionMonitoring_DC
 .text.protectionMonitoring_Temp
                0x0000000008001918       0xc4 ./App/Src/process.o
                0x0000000008001918                protectionMonitoring_Temp
 .text.Parameter_Calculations
                0x00000000080019dc      0x1b0 ./App/Src/process.o
                0x00000000080019dc                Parameter_Calculations
 *fill*         0x0000000008001b8c        0x4 
 .text.tempParameter_Calculations
                0x0000000008001b90      0x334 ./App/Src/process.o
                0x0000000008001b90                tempParameter_Calculations
 .text.phaseShift_Pwm
                0x0000000008001ec4       0xcc ./App/Src/process.o
                0x0000000008001ec4                phaseShift_Pwm
 .text.dutyUpdate
                0x0000000008001f90      0x140 ./App/Src/process.o
                0x0000000008001f90                dutyUpdate
 .text.ControlInit
                0x00000000080020d0       0xe0 ./App/Src/process.o
                0x00000000080020d0                ControlInit
 .text.ParaInit
                0x00000000080021b0      0x1dc ./App/Src/process.o
                0x00000000080021b0                ParaInit
 .text.Tim7_Execution
                0x000000000800238c      0x190 ./App/Src/process.o
                0x000000000800238c                Tim7_Execution
 .text.TIM6_Execution
                0x000000000800251c       0xa8 ./App/Src/process.o
                0x000000000800251c                TIM6_Execution
 .text.turnOn_Scan
                0x00000000080025c4      0x134 ./App/Src/process.o
                0x00000000080025c4                turnOn_Scan
 .text.turnOn   0x00000000080026f8       0x28 ./App/Src/process.o
                0x00000000080026f8                turnOn
 .text.turnOff  0x0000000008002720       0x28 ./App/Src/process.o
                0x0000000008002720                turnOff
 .text.reset_driver
                0x0000000008002748        0xe ./App/Src/protection.o
                0x0000000008002748                reset_driver
 *fill*         0x0000000008002756        0x2 
 .text.faultInit
                0x0000000008002758      0x358 ./App/Src/protection.o
                0x0000000008002758                faultInit
 .text.check_over_limit
                0x0000000008002ab0      0x16c ./App/Src/protection.o
                0x0000000008002ab0                check_over_limit
 .text.check_over_limitI
                0x0000000008002c1c       0xf2 ./App/Src/protection.o
                0x0000000008002c1c                check_over_limitI
 *fill*         0x0000000008002d0e        0x2 
 .text.slave_health
                0x0000000008002d10       0x54 ./App/Src/protection.o
                0x0000000008002d10                slave_health
 .text.manual_fault_reset
                0x0000000008002d64      0x1a8 ./App/Src/protection.o
                0x0000000008002d64                manual_fault_reset
 .text.faultDetection
                0x0000000008002f0c        0xe ./App/Src/protection.o
                0x0000000008002f0c                faultDetection
 .text.softStartVariable
                0x0000000008002f1a       0xb8 ./App/Src/soft_start.o
                0x0000000008002f1a                softStartVariable
 *fill*         0x0000000008002fd2        0x2 
 .text.HAL_UART_RxCpltCallback
                0x0000000008002fd4       0x70 ./Core/Src/ModbusRTU_Slave.o
                0x0000000008002fd4                HAL_UART_RxCpltCallback
 .text.transmitDataMake
                0x0000000008003044       0xb0 ./Core/Src/ModbusRTU_Slave.o
                0x0000000008003044                transmitDataMake
 .text.uartDataHandler
                0x00000000080030f4       0xb4 ./Core/Src/ModbusRTU_Slave.o
                0x00000000080030f4                uartDataHandler
 .text.uartTimer
                0x00000000080031a8       0x44 ./Core/Src/ModbusRTU_Slave.o
                0x00000000080031a8                uartTimer
 .text.sendMessage
                0x00000000080031ec       0x28 ./Core/Src/ModbusRTU_Slave.o
                0x00000000080031ec                sendMessage
 .text.makePacket_01
                0x0000000008003214      0x1a0 ./Core/Src/ModbusRTU_Slave.o
                0x0000000008003214                makePacket_01
 .text.makePacket_03
                0x00000000080033b4      0x10c ./Core/Src/ModbusRTU_Slave.o
                0x00000000080033b4                makePacket_03
 .text.makePacket_05
                0x00000000080034c0       0x64 ./Core/Src/ModbusRTU_Slave.o
                0x00000000080034c0                makePacket_05
 .text.makePacket_06
                0x0000000008003524       0x5c ./Core/Src/ModbusRTU_Slave.o
                0x0000000008003524                makePacket_06
 .text.makePacket_15
                0x0000000008003580       0xc8 ./Core/Src/ModbusRTU_Slave.o
                0x0000000008003580                makePacket_15
 .text.makePacket_16
                0x0000000008003648       0xdc ./Core/Src/ModbusRTU_Slave.o
                0x0000000008003648                makePacket_16
 .text.findByte
                0x0000000008003724       0x46 ./Core/Src/ModbusRTU_Slave.o
                0x0000000008003724                findByte
 *fill*         0x000000000800376a        0x2 
 .text.MODBUS_CRC16
                0x000000000800376c       0x84 ./Core/Src/ModbusRTU_Slave.o
                0x000000000800376c                MODBUS_CRC16
 .text.MX_ADC1_Init
                0x00000000080037f0      0x108 ./Core/Src/adc.o
                0x00000000080037f0                MX_ADC1_Init
 .text.HAL_ADC_MspInit
                0x00000000080038f8      0x104 ./Core/Src/adc.o
                0x00000000080038f8                HAL_ADC_MspInit
 .text.MX_DAC1_Init
                0x00000000080039fc       0x88 ./Core/Src/dac.o
                0x00000000080039fc                MX_DAC1_Init
 .text.HAL_DAC_MspInit
                0x0000000008003a84       0x8c ./Core/Src/dac.o
                0x0000000008003a84                HAL_DAC_MspInit
 .text.MX_DMA_Init
                0x0000000008003b10       0x54 ./Core/Src/dma.o
                0x0000000008003b10                MX_DMA_Init
 .text.one      0x0000000008003b64        0xe ./Core/Src/error_display.o
                0x0000000008003b64                one
 .text.two      0x0000000008003b72        0xe ./Core/Src/error_display.o
                0x0000000008003b72                two
 .text.three    0x0000000008003b80        0xe ./Core/Src/error_display.o
                0x0000000008003b80                three
 .text.four     0x0000000008003b8e        0xe ./Core/Src/error_display.o
                0x0000000008003b8e                four
 .text.five     0x0000000008003b9c        0xe ./Core/Src/error_display.o
                0x0000000008003b9c                five
 .text.six      0x0000000008003baa        0xe ./Core/Src/error_display.o
                0x0000000008003baa                six
 .text.seven    0x0000000008003bb8        0xe ./Core/Src/error_display.o
                0x0000000008003bb8                seven
 .text.eight    0x0000000008003bc6        0xe ./Core/Src/error_display.o
                0x0000000008003bc6                eight
 .text.nine     0x0000000008003bd4        0xe ./Core/Src/error_display.o
                0x0000000008003bd4                nine
 .text.zero     0x0000000008003be2        0xe ./Core/Src/error_display.o
                0x0000000008003be2                zero
 .text.no_error
                0x0000000008003bf0        0xe ./Core/Src/error_display.o
                0x0000000008003bf0                no_error
 *fill*         0x0000000008003bfe        0x2 
 .text.digit_1  0x0000000008003c00       0x98 ./Core/Src/error_display.o
                0x0000000008003c00                digit_1
 .text.digit_2  0x0000000008003c98       0x98 ./Core/Src/error_display.o
                0x0000000008003c98                digit_2
 .text.get_error_list_length
                0x0000000008003d30       0x42 ./Core/Src/error_display.o
                0x0000000008003d30                get_error_list_length
 *fill*         0x0000000008003d72        0x2 
 .text.check_errorlist
                0x0000000008003d74       0x40 ./Core/Src/error_display.o
                0x0000000008003d74                check_errorlist
 .text.add_error_to_list
                0x0000000008003db4       0x38 ./Core/Src/error_display.o
                0x0000000008003db4                add_error_to_list
 .text.remove_error_from_list
                0x0000000008003dec       0x74 ./Core/Src/error_display.o
                0x0000000008003dec                remove_error_from_list
 .text.saprate_digit
                0x0000000008003e60       0x5c ./Core/Src/error_display.o
                0x0000000008003e60                saprate_digit
 .text.error_display
                0x0000000008003ebc       0x44 ./Core/Src/error_display.o
                0x0000000008003ebc                error_display
 .text.display_errors
                0x0000000008003f00       0x54 ./Core/Src/error_display.o
                0x0000000008003f00                display_errors
 .text.MX_GPIO_Init
                0x0000000008003f54      0x2a4 ./Core/Src/gpio.o
                0x0000000008003f54                MX_GPIO_Init
 .text.MX_HRTIM1_Init
                0x00000000080041f8      0x538 ./Core/Src/hrtim.o
                0x00000000080041f8                MX_HRTIM1_Init
 .text.HAL_HRTIM_MspInit
                0x0000000008004730       0x40 ./Core/Src/hrtim.o
                0x0000000008004730                HAL_HRTIM_MspInit
 .text.HAL_HRTIM_MspPostInit
                0x0000000008004770       0xac ./Core/Src/hrtim.o
                0x0000000008004770                HAL_HRTIM_MspPostInit
 .text.MX_I2C4_Init
                0x000000000800481c       0x80 ./Core/Src/i2c.o
                0x000000000800481c                MX_I2C4_Init
 .text.HAL_I2C_MspInit
                0x000000000800489c       0xb4 ./Core/Src/i2c.o
                0x000000000800489c                HAL_I2C_MspInit
 .text.main     0x0000000008004950      0x174 ./Core/Src/main.o
                0x0000000008004950                main
 .text.SystemClock_Config
                0x0000000008004ac4       0x94 ./Core/Src/main.o
                0x0000000008004ac4                SystemClock_Config
 .text.SlaveBoardNum
                0x0000000008004b58       0x18 ./Core/Src/main.o
                0x0000000008004b58                SlaveBoardNum
 .text.Error_Handler
                0x0000000008004b70        0xa ./Core/Src/main.o
                0x0000000008004b70                Error_Handler
 *fill*         0x0000000008004b7a        0x2 
 .text.MX_SPI4_Init
                0x0000000008004b7c       0x7c ./Core/Src/spi.o
                0x0000000008004b7c                MX_SPI4_Init
 .text.HAL_SPI_MspInit
                0x0000000008004bf8       0x88 ./Core/Src/spi.o
                0x0000000008004bf8                HAL_SPI_MspInit
 .text.HAL_MspInit
                0x0000000008004c80       0x50 ./Core/Src/stm32g4xx_hal_msp.o
                0x0000000008004c80                HAL_MspInit
 .text.NMI_Handler
                0x0000000008004cd0        0x6 ./Core/Src/stm32g4xx_it.o
                0x0000000008004cd0                NMI_Handler
 .text.HardFault_Handler
                0x0000000008004cd6        0x6 ./Core/Src/stm32g4xx_it.o
                0x0000000008004cd6                HardFault_Handler
 .text.MemManage_Handler
                0x0000000008004cdc        0x6 ./Core/Src/stm32g4xx_it.o
                0x0000000008004cdc                MemManage_Handler
 .text.BusFault_Handler
                0x0000000008004ce2        0x6 ./Core/Src/stm32g4xx_it.o
                0x0000000008004ce2                BusFault_Handler
 .text.UsageFault_Handler
                0x0000000008004ce8        0x6 ./Core/Src/stm32g4xx_it.o
                0x0000000008004ce8                UsageFault_Handler
 .text.SVC_Handler
                0x0000000008004cee        0xe ./Core/Src/stm32g4xx_it.o
                0x0000000008004cee                SVC_Handler
 .text.DebugMon_Handler
                0x0000000008004cfc        0xe ./Core/Src/stm32g4xx_it.o
                0x0000000008004cfc                DebugMon_Handler
 .text.PendSV_Handler
                0x0000000008004d0a        0xe ./Core/Src/stm32g4xx_it.o
                0x0000000008004d0a                PendSV_Handler
 .text.SysTick_Handler
                0x0000000008004d18       0x10 ./Core/Src/stm32g4xx_it.o
                0x0000000008004d18                SysTick_Handler
 .text.EXTI2_IRQHandler
                0x0000000008004d28        0xe ./Core/Src/stm32g4xx_it.o
                0x0000000008004d28                EXTI2_IRQHandler
 .text.EXTI3_IRQHandler
                0x0000000008004d36        0xe ./Core/Src/stm32g4xx_it.o
                0x0000000008004d36                EXTI3_IRQHandler
 .text.EXTI4_IRQHandler
                0x0000000008004d44       0x28 ./Core/Src/stm32g4xx_it.o
                0x0000000008004d44                EXTI4_IRQHandler
 .text.DMA1_Channel1_IRQHandler
                0x0000000008004d6c       0x14 ./Core/Src/stm32g4xx_it.o
                0x0000000008004d6c                DMA1_Channel1_IRQHandler
 .text.TIM1_UP_TIM16_IRQHandler
                0x0000000008004d80       0x14 ./Core/Src/stm32g4xx_it.o
                0x0000000008004d80                TIM1_UP_TIM16_IRQHandler
 .text.TIM4_IRQHandler
                0x0000000008004d94       0x14 ./Core/Src/stm32g4xx_it.o
                0x0000000008004d94                TIM4_IRQHandler
 .text.EXTI15_10_IRQHandler
                0x0000000008004da8       0x28 ./Core/Src/stm32g4xx_it.o
                0x0000000008004da8                EXTI15_10_IRQHandler
 .text.UART5_IRQHandler
                0x0000000008004dd0       0x14 ./Core/Src/stm32g4xx_it.o
                0x0000000008004dd0                UART5_IRQHandler
 .text.TIM6_DAC_IRQHandler
                0x0000000008004de4       0x20 ./Core/Src/stm32g4xx_it.o
                0x0000000008004de4                TIM6_DAC_IRQHandler
 .text.TIM7_DAC_IRQHandler
                0x0000000008004e04       0x28 ./Core/Src/stm32g4xx_it.o
                0x0000000008004e04                TIM7_DAC_IRQHandler
 .text.SystemInit
                0x0000000008004e2c       0x24 ./Core/Src/system_stm32g4xx.o
                0x0000000008004e2c                SystemInit
 .text.MX_TIM1_Init
                0x0000000008004e50       0xa8 ./Core/Src/tim.o
                0x0000000008004e50                MX_TIM1_Init
 .text.MX_TIM4_Init
                0x0000000008004ef8       0x9c ./Core/Src/tim.o
                0x0000000008004ef8                MX_TIM4_Init
 .text.MX_TIM6_Init
                0x0000000008004f94       0x6c ./Core/Src/tim.o
                0x0000000008004f94                MX_TIM6_Init
 .text.MX_TIM7_Init
                0x0000000008005000       0x6c ./Core/Src/tim.o
                0x0000000008005000                MX_TIM7_Init
 .text.HAL_TIM_Base_MspInit
                0x000000000800506c       0xf4 ./Core/Src/tim.o
                0x000000000800506c                HAL_TIM_Base_MspInit
 .text.MX_UART4_Init
                0x0000000008005160       0x98 ./Core/Src/usart.o
                0x0000000008005160                MX_UART4_Init
 .text.MX_UART5_Init
                0x00000000080051f8       0x98 ./Core/Src/usart.o
                0x00000000080051f8                MX_UART5_Init
 .text.HAL_UART_MspInit
                0x0000000008005290      0x188 ./Core/Src/usart.o
                0x0000000008005290                HAL_UART_MspInit
 .text.Reset_Handler
                0x0000000008005418       0x50 ./Core/Startup/startup_stm32g474vetx.o
                0x0000000008005418                Reset_Handler
 .text.Default_Handler
                0x0000000008005468        0x2 ./Core/Startup/startup_stm32g474vetx.o
                0x0000000008005468                RTC_Alarm_IRQHandler
                0x0000000008005468                TIM8_TRG_COM_IRQHandler
                0x0000000008005468                TIM8_CC_IRQHandler
                0x0000000008005468                HRTIM1_Master_IRQHandler
                0x0000000008005468                SPI4_IRQHandler
                0x0000000008005468                FDCAN3_IT0_IRQHandler
                0x0000000008005468                TIM1_CC_IRQHandler
                0x0000000008005468                HRTIM1_FLT_IRQHandler
                0x0000000008005468                HRTIM1_TIMF_IRQHandler
                0x0000000008005468                USB_HP_IRQHandler
                0x0000000008005468                CORDIC_IRQHandler
                0x0000000008005468                HRTIM1_TIMD_IRQHandler
                0x0000000008005468                DMA2_Channel8_IRQHandler
                0x0000000008005468                I2C3_ER_IRQHandler
                0x0000000008005468                EXTI0_IRQHandler
                0x0000000008005468                I2C2_EV_IRQHandler
                0x0000000008005468                FPU_IRQHandler
                0x0000000008005468                FDCAN1_IT1_IRQHandler
                0x0000000008005468                ADC1_2_IRQHandler
                0x0000000008005468                HRTIM1_TIME_IRQHandler
                0x0000000008005468                SPI1_IRQHandler
                0x0000000008005468                HRTIM1_TIMC_IRQHandler
                0x0000000008005468                TIM8_UP_IRQHandler
                0x0000000008005468                DMA2_Channel2_IRQHandler
                0x0000000008005468                DMA1_Channel4_IRQHandler
                0x0000000008005468                TIM20_TRG_COM_IRQHandler
                0x0000000008005468                USART3_IRQHandler
                0x0000000008005468                DMA1_Channel7_IRQHandler
                0x0000000008005468                ADC3_IRQHandler
                0x0000000008005468                DMA2_Channel1_IRQHandler
                0x0000000008005468                QUADSPI_IRQHandler
                0x0000000008005468                I2C1_EV_IRQHandler
                0x0000000008005468                DMA1_Channel6_IRQHandler
                0x0000000008005468                UART4_IRQHandler
                0x0000000008005468                DMA2_Channel4_IRQHandler
                0x0000000008005468                TIM3_IRQHandler
                0x0000000008005468                RCC_IRQHandler
                0x0000000008005468                TIM20_UP_IRQHandler
                0x0000000008005468                Default_Handler
                0x0000000008005468                DMA2_Channel7_IRQHandler
                0x0000000008005468                RTC_TAMP_LSECSS_IRQHandler
                0x0000000008005468                FMAC_IRQHandler
                0x0000000008005468                DMA1_Channel8_IRQHandler
                0x0000000008005468                HRTIM1_TIMA_IRQHandler
                0x0000000008005468                FDCAN3_IT1_IRQHandler
                0x0000000008005468                TIM5_IRQHandler
                0x0000000008005468                UCPD1_IRQHandler
                0x0000000008005468                I2C3_EV_IRQHandler
                0x0000000008005468                EXTI9_5_IRQHandler
                0x0000000008005468                RTC_WKUP_IRQHandler
                0x0000000008005468                PVD_PVM_IRQHandler
                0x0000000008005468                SPI2_IRQHandler
                0x0000000008005468                ADC5_IRQHandler
                0x0000000008005468                DMA2_Channel5_IRQHandler
                0x0000000008005468                CRS_IRQHandler
                0x0000000008005468                DMA1_Channel5_IRQHandler
                0x0000000008005468                USB_LP_IRQHandler
                0x0000000008005468                RNG_IRQHandler
                0x0000000008005468                HRTIM1_TIMB_IRQHandler
                0x0000000008005468                TIM1_TRG_COM_TIM17_IRQHandler
                0x0000000008005468                FDCAN2_IT1_IRQHandler
                0x0000000008005468                DMA1_Channel3_IRQHandler
                0x0000000008005468                ADC4_IRQHandler
                0x0000000008005468                WWDG_IRQHandler
                0x0000000008005468                I2C4_EV_IRQHandler
                0x0000000008005468                FDCAN2_IT0_IRQHandler
                0x0000000008005468                LPUART1_IRQHandler
                0x0000000008005468                DMA2_Channel6_IRQHandler
                0x0000000008005468                FDCAN1_IT0_IRQHandler
                0x0000000008005468                TIM2_IRQHandler
                0x0000000008005468                COMP7_IRQHandler
                0x0000000008005468                COMP1_2_3_IRQHandler
                0x0000000008005468                EXTI1_IRQHandler
                0x0000000008005468                USART2_IRQHandler
                0x0000000008005468                COMP4_5_6_IRQHandler
                0x0000000008005468                TIM20_BRK_IRQHandler
                0x0000000008005468                I2C2_ER_IRQHandler
                0x0000000008005468                DMA1_Channel2_IRQHandler
                0x0000000008005468                TIM8_BRK_IRQHandler
                0x0000000008005468                FLASH_IRQHandler
                0x0000000008005468                TIM20_CC_IRQHandler
                0x0000000008005468                USART1_IRQHandler
                0x0000000008005468                SPI3_IRQHandler
                0x0000000008005468                I2C1_ER_IRQHandler
                0x0000000008005468                FMC_IRQHandler
                0x0000000008005468                LPTIM1_IRQHandler
                0x0000000008005468                DMAMUX_OVR_IRQHandler
                0x0000000008005468                I2C4_ER_IRQHandler
                0x0000000008005468                USBWakeUp_IRQHandler
                0x0000000008005468                SAI1_IRQHandler
                0x0000000008005468                DMA2_Channel3_IRQHandler
                0x0000000008005468                TIM1_BRK_TIM15_IRQHandler
 .text.HAL_Init
                0x000000000800546a       0x30 ./Drivers/STM32G4xx_HAL_Driver/Src/stm32g4xx_hal.o
                0x000000000800546a                HAL_Init
 *fill*         0x000000000800549a        0x2 
 .text.HAL_InitTick
                0x000000000800549c       0x74 ./Drivers/STM32G4xx_HAL_Driver/Src/stm32g4xx_hal.o
                0x000000000800549c                HAL_InitTick
 .text.HAL_IncTick
                0x0000000008005510       0x24 ./Drivers/STM32G4xx_HAL_Driver/Src/stm32g4xx_hal.o
                0x0000000008005510                HAL_IncTick
 .text.HAL_GetTick
                0x0000000008005534       0x18 ./Drivers/STM32G4xx_HAL_Driver/Src/stm32g4xx_hal.o
                0x0000000008005534                HAL_GetTick
 .text.HAL_SYSCFG_VREFBUF_HighImpedanceConfig
                0x000000000800554c       0x28 ./Drivers/STM32G4xx_HAL_Driver/Src/stm32g4xx_hal.o
                0x000000000800554c                HAL_SYSCFG_VREFBUF_HighImpedanceConfig
 .text.HAL_SYSCFG_DisableVREFBUF
                0x0000000008005574       0x20 ./Drivers/STM32G4xx_HAL_Driver/Src/stm32g4xx_hal.o
                0x0000000008005574                HAL_SYSCFG_DisableVREFBUF
 .text.LL_ADC_SetCommonClock
                0x0000000008005594       0x26 ./Drivers/STM32G4xx_HAL_Driver/Src/stm32g4xx_hal_adc.o
 .text.LL_ADC_SetCommonPathInternalCh
                0x00000000080055ba       0x26 ./Drivers/STM32G4xx_HAL_Driver/Src/stm32g4xx_hal_adc.o
 .text.LL_ADC_GetCommonPathInternalCh
                0x00000000080055e0       0x1c ./Drivers/STM32G4xx_HAL_Driver/Src/stm32g4xx_hal_adc.o
 .text.LL_ADC_SetOffset
                0x00000000080055fc       0x48 ./Drivers/STM32G4xx_HAL_Driver/Src/stm32g4xx_hal_adc.o
 .text.LL_ADC_GetOffsetChannel
                0x0000000008005644       0x2c ./Drivers/STM32G4xx_HAL_Driver/Src/stm32g4xx_hal_adc.o
 .text.LL_ADC_SetOffsetState
                0x0000000008005670       0x36 ./Drivers/STM32G4xx_HAL_Driver/Src/stm32g4xx_hal_adc.o
 .text.LL_ADC_SetOffsetSign
                0x00000000080056a6       0x36 ./Drivers/STM32G4xx_HAL_Driver/Src/stm32g4xx_hal_adc.o
 .text.LL_ADC_SetOffsetSaturation
                0x00000000080056dc       0x36 ./Drivers/STM32G4xx_HAL_Driver/Src/stm32g4xx_hal_adc.o
 .text.LL_ADC_SetSamplingTimeCommonConfig
                0x0000000008005712       0x26 ./Drivers/STM32G4xx_HAL_Driver/Src/stm32g4xx_hal_adc.o
 .text.LL_ADC_REG_IsTriggerSourceSWStart
                0x0000000008005738       0x26 ./Drivers/STM32G4xx_HAL_Driver/Src/stm32g4xx_hal_adc.o
 .text.LL_ADC_REG_SetSequencerRanks
                0x000000000800575e       0x58 ./Drivers/STM32G4xx_HAL_Driver/Src/stm32g4xx_hal_adc.o
 .text.LL_ADC_SetChannelSamplingTime
                0x00000000080057b6       0x56 ./Drivers/STM32G4xx_HAL_Driver/Src/stm32g4xx_hal_adc.o
 .text.LL_ADC_SetChannelSingleDiff
                0x000000000800580c       0x48 ./Drivers/STM32G4xx_HAL_Driver/Src/stm32g4xx_hal_adc.o
 .text.LL_ADC_GetMultimode
                0x0000000008005854       0x1c ./Drivers/STM32G4xx_HAL_Driver/Src/stm32g4xx_hal_adc.o
 .text.LL_ADC_DisableDeepPowerDown
                0x0000000008005870       0x24 ./Drivers/STM32G4xx_HAL_Driver/Src/stm32g4xx_hal_adc.o
 .text.LL_ADC_IsDeepPowerDownEnabled
                0x0000000008005894       0x28 ./Drivers/STM32G4xx_HAL_Driver/Src/stm32g4xx_hal_adc.o
 .text.LL_ADC_EnableInternalRegulator
                0x00000000080058bc       0x28 ./Drivers/STM32G4xx_HAL_Driver/Src/stm32g4xx_hal_adc.o
 .text.LL_ADC_IsInternalRegulatorEnabled
                0x00000000080058e4       0x28 ./Drivers/STM32G4xx_HAL_Driver/Src/stm32g4xx_hal_adc.o
 .text.LL_ADC_Enable
                0x000000000800590c       0x28 ./Drivers/STM32G4xx_HAL_Driver/Src/stm32g4xx_hal_adc.o
 .text.LL_ADC_IsEnabled
                0x0000000008005934       0x26 ./Drivers/STM32G4xx_HAL_Driver/Src/stm32g4xx_hal_adc.o
 .text.LL_ADC_REG_StartConversion
                0x000000000800595a       0x28 ./Drivers/STM32G4xx_HAL_Driver/Src/stm32g4xx_hal_adc.o
 .text.LL_ADC_REG_IsConversionOngoing
                0x0000000008005982       0x26 ./Drivers/STM32G4xx_HAL_Driver/Src/stm32g4xx_hal_adc.o
 .text.LL_ADC_INJ_IsConversionOngoing
                0x00000000080059a8       0x26 ./Drivers/STM32G4xx_HAL_Driver/Src/stm32g4xx_hal_adc.o
 *fill*         0x00000000080059ce        0x2 
 .text.HAL_ADC_Init
                0x00000000080059d0      0x378 ./Drivers/STM32G4xx_HAL_Driver/Src/stm32g4xx_hal_adc.o
                0x00000000080059d0                HAL_ADC_Init
 .text.HAL_ADC_Start_DMA
                0x0000000008005d48      0x1a8 ./Drivers/STM32G4xx_HAL_Driver/Src/stm32g4xx_hal_adc.o
                0x0000000008005d48                HAL_ADC_Start_DMA
 .text.HAL_ADC_ConvCpltCallback
                0x0000000008005ef0       0x14 ./Drivers/STM32G4xx_HAL_Driver/Src/stm32g4xx_hal_adc.o
                0x0000000008005ef0                HAL_ADC_ConvCpltCallback
 .text.HAL_ADC_ConvHalfCpltCallback
                0x0000000008005f04       0x14 ./Drivers/STM32G4xx_HAL_Driver/Src/stm32g4xx_hal_adc.o
                0x0000000008005f04                HAL_ADC_ConvHalfCpltCallback
 .text.HAL_ADC_ErrorCallback
                0x0000000008005f18       0x14 ./Drivers/STM32G4xx_HAL_Driver/Src/stm32g4xx_hal_adc.o
                0x0000000008005f18                HAL_ADC_ErrorCallback
 .text.HAL_ADC_ConfigChannel
                0x0000000008005f2c      0x880 ./Drivers/STM32G4xx_HAL_Driver/Src/stm32g4xx_hal_adc.o
                0x0000000008005f2c                HAL_ADC_ConfigChannel
 .text.ADC_Enable
                0x00000000080067ac      0x12c ./Drivers/STM32G4xx_HAL_Driver/Src/stm32g4xx_hal_adc.o
                0x00000000080067ac                ADC_Enable
 .text.ADC_DMAConvCplt
                0x00000000080068d8       0xd8 ./Drivers/STM32G4xx_HAL_Driver/Src/stm32g4xx_hal_adc.o
                0x00000000080068d8                ADC_DMAConvCplt
 .text.ADC_DMAHalfConvCplt
                0x00000000080069b0       0x1c ./Drivers/STM32G4xx_HAL_Driver/Src/stm32g4xx_hal_adc.o
                0x00000000080069b0                ADC_DMAHalfConvCplt
 .text.ADC_DMAError
                0x00000000080069cc       0x34 ./Drivers/STM32G4xx_HAL_Driver/Src/stm32g4xx_hal_adc.o
                0x00000000080069cc                ADC_DMAError
 .text.LL_ADC_IsEnabled
                0x0000000008006a00       0x26 ./Drivers/STM32G4xx_HAL_Driver/Src/stm32g4xx_hal_adc_ex.o
 .text.LL_ADC_REG_IsConversionOngoing
                0x0000000008006a26       0x26 ./Drivers/STM32G4xx_HAL_Driver/Src/stm32g4xx_hal_adc_ex.o
 .text.HAL_ADCEx_MultiModeConfigChannel
                0x0000000008006a4c      0x210 ./Drivers/STM32G4xx_HAL_Driver/Src/stm32g4xx_hal_adc_ex.o
                0x0000000008006a4c                HAL_ADCEx_MultiModeConfigChannel
 .text.__NVIC_SetPriorityGrouping
                0x0000000008006c5c       0x48 ./Drivers/STM32G4xx_HAL_Driver/Src/stm32g4xx_hal_cortex.o
 .text.__NVIC_GetPriorityGrouping
                0x0000000008006ca4       0x1c ./Drivers/STM32G4xx_HAL_Driver/Src/stm32g4xx_hal_cortex.o
 .text.__NVIC_EnableIRQ
                0x0000000008006cc0       0x3c ./Drivers/STM32G4xx_HAL_Driver/Src/stm32g4xx_hal_cortex.o
 .text.__NVIC_SetPriority
                0x0000000008006cfc       0x54 ./Drivers/STM32G4xx_HAL_Driver/Src/stm32g4xx_hal_cortex.o
 .text.NVIC_EncodePriority
                0x0000000008006d50       0x66 ./Drivers/STM32G4xx_HAL_Driver/Src/stm32g4xx_hal_cortex.o
 *fill*         0x0000000008006db6        0x2 
 .text.SysTick_Config
                0x0000000008006db8       0x44 ./Drivers/STM32G4xx_HAL_Driver/Src/stm32g4xx_hal_cortex.o
 .text.HAL_NVIC_SetPriorityGrouping
                0x0000000008006dfc       0x16 ./Drivers/STM32G4xx_HAL_Driver/Src/stm32g4xx_hal_cortex.o
                0x0000000008006dfc                HAL_NVIC_SetPriorityGrouping
 .text.HAL_NVIC_SetPriority
                0x0000000008006e12       0x34 ./Drivers/STM32G4xx_HAL_Driver/Src/stm32g4xx_hal_cortex.o
                0x0000000008006e12                HAL_NVIC_SetPriority
 .text.HAL_NVIC_EnableIRQ
                0x0000000008006e46       0x1c ./Drivers/STM32G4xx_HAL_Driver/Src/stm32g4xx_hal_cortex.o
                0x0000000008006e46                HAL_NVIC_EnableIRQ
 .text.HAL_SYSTICK_Config
                0x0000000008006e62       0x18 ./Drivers/STM32G4xx_HAL_Driver/Src/stm32g4xx_hal_cortex.o
                0x0000000008006e62                HAL_SYSTICK_Config
 .text.HAL_DAC_Init
                0x0000000008006e7a       0x44 ./Drivers/STM32G4xx_HAL_Driver/Src/stm32g4xx_hal_dac.o
                0x0000000008006e7a                HAL_DAC_Init
 *fill*         0x0000000008006ebe        0x2 
 .text.HAL_DAC_Start
                0x0000000008006ec0       0xd8 ./Drivers/STM32G4xx_HAL_Driver/Src/stm32g4xx_hal_dac.o
                0x0000000008006ec0                HAL_DAC_Start
 .text.HAL_DAC_IRQHandler
                0x0000000008006f98       0xac ./Drivers/STM32G4xx_HAL_Driver/Src/stm32g4xx_hal_dac.o
                0x0000000008006f98                HAL_DAC_IRQHandler
 .text.HAL_DAC_SetValue
                0x0000000008007044       0x5a ./Drivers/STM32G4xx_HAL_Driver/Src/stm32g4xx_hal_dac.o
                0x0000000008007044                HAL_DAC_SetValue
 .text.HAL_DAC_DMAUnderrunCallbackCh1
                0x000000000800709e       0x14 ./Drivers/STM32G4xx_HAL_Driver/Src/stm32g4xx_hal_dac.o
                0x000000000800709e                HAL_DAC_DMAUnderrunCallbackCh1
 *fill*         0x00000000080070b2        0x2 
 .text.HAL_DAC_ConfigChannel
                0x00000000080070b4      0x370 ./Drivers/STM32G4xx_HAL_Driver/Src/stm32g4xx_hal_dac.o
                0x00000000080070b4                HAL_DAC_ConfigChannel
 .text.HAL_DACEx_DMAUnderrunCallbackCh2
                0x0000000008007424       0x14 ./Drivers/STM32G4xx_HAL_Driver/Src/stm32g4xx_hal_dac_ex.o
                0x0000000008007424                HAL_DACEx_DMAUnderrunCallbackCh2
 .text.HAL_DMA_Init
                0x0000000008007438      0x150 ./Drivers/STM32G4xx_HAL_Driver/Src/stm32g4xx_hal_dma.o
                0x0000000008007438                HAL_DMA_Init
 .text.HAL_DMA_Start_IT
                0x0000000008007588       0xf6 ./Drivers/STM32G4xx_HAL_Driver/Src/stm32g4xx_hal_dma.o
                0x0000000008007588                HAL_DMA_Start_IT
 .text.HAL_DMA_Abort
                0x000000000800767e       0xb2 ./Drivers/STM32G4xx_HAL_Driver/Src/stm32g4xx_hal_dma.o
                0x000000000800767e                HAL_DMA_Abort
 .text.HAL_DMA_Abort_IT
                0x0000000008007730       0xce ./Drivers/STM32G4xx_HAL_Driver/Src/stm32g4xx_hal_dma.o
                0x0000000008007730                HAL_DMA_Abort_IT
 .text.HAL_DMA_IRQHandler
                0x00000000080077fe      0x15e ./Drivers/STM32G4xx_HAL_Driver/Src/stm32g4xx_hal_dma.o
                0x00000000080077fe                HAL_DMA_IRQHandler
 .text.DMA_SetConfig
                0x000000000800795c       0x7c ./Drivers/STM32G4xx_HAL_Driver/Src/stm32g4xx_hal_dma.o
 .text.DMA_CalcDMAMUXChannelBaseAndMask
                0x00000000080079d8       0x7c ./Drivers/STM32G4xx_HAL_Driver/Src/stm32g4xx_hal_dma.o
 .text.DMA_CalcDMAMUXRequestGenBaseAndMask
                0x0000000008007a54       0x48 ./Drivers/STM32G4xx_HAL_Driver/Src/stm32g4xx_hal_dma.o
 .text.HAL_GPIO_Init
                0x0000000008007a9c      0x304 ./Drivers/STM32G4xx_HAL_Driver/Src/stm32g4xx_hal_gpio.o
                0x0000000008007a9c                HAL_GPIO_Init
 .text.HAL_GPIO_ReadPin
                0x0000000008007da0       0x30 ./Drivers/STM32G4xx_HAL_Driver/Src/stm32g4xx_hal_gpio.o
                0x0000000008007da0                HAL_GPIO_ReadPin
 .text.HAL_GPIO_WritePin
                0x0000000008007dd0       0x30 ./Drivers/STM32G4xx_HAL_Driver/Src/stm32g4xx_hal_gpio.o
                0x0000000008007dd0                HAL_GPIO_WritePin
 .text.HAL_GPIO_TogglePin
                0x0000000008007e00       0x34 ./Drivers/STM32G4xx_HAL_Driver/Src/stm32g4xx_hal_gpio.o
                0x0000000008007e00                HAL_GPIO_TogglePin
 .text.HAL_GPIO_EXTI_IRQHandler
                0x0000000008007e34       0x30 ./Drivers/STM32G4xx_HAL_Driver/Src/stm32g4xx_hal_gpio.o
                0x0000000008007e34                HAL_GPIO_EXTI_IRQHandler
 .text.HAL_GPIO_EXTI_Callback
                0x0000000008007e64       0x16 ./Drivers/STM32G4xx_HAL_Driver/Src/stm32g4xx_hal_gpio.o
                0x0000000008007e64                HAL_GPIO_EXTI_Callback
 *fill*         0x0000000008007e7a        0x2 
 .text.HAL_HRTIM_Init
                0x0000000008007e7c      0x1a0 ./Drivers/STM32G4xx_HAL_Driver/Src/stm32g4xx_hal_hrtim.o
                0x0000000008007e7c                HAL_HRTIM_Init
 .text.HAL_HRTIM_DLLCalibrationStart
                0x000000000800801c       0xb0 ./Drivers/STM32G4xx_HAL_Driver/Src/stm32g4xx_hal_hrtim.o
                0x000000000800801c                HAL_HRTIM_DLLCalibrationStart
 .text.HAL_HRTIM_PollForDLLCalibration
                0x00000000080080cc       0x68 ./Drivers/STM32G4xx_HAL_Driver/Src/stm32g4xx_hal_hrtim.o
                0x00000000080080cc                HAL_HRTIM_PollForDLLCalibration
 .text.HAL_HRTIM_TimeBaseConfig
                0x0000000008008134       0x50 ./Drivers/STM32G4xx_HAL_Driver/Src/stm32g4xx_hal_hrtim.o
                0x0000000008008134                HAL_HRTIM_TimeBaseConfig
 .text.HAL_HRTIM_WaveformTimerConfig
                0x0000000008008184      0x11a ./Drivers/STM32G4xx_HAL_Driver/Src/stm32g4xx_hal_hrtim.o
                0x0000000008008184                HAL_HRTIM_WaveformTimerConfig
 .text.HAL_HRTIM_WaveformTimerControl
                0x000000000800829e       0x66 ./Drivers/STM32G4xx_HAL_Driver/Src/stm32g4xx_hal_hrtim.o
                0x000000000800829e                HAL_HRTIM_WaveformTimerControl
 .text.HAL_HRTIM_DeadTimeConfig
                0x0000000008008304      0x100 ./Drivers/STM32G4xx_HAL_Driver/Src/stm32g4xx_hal_hrtim.o
                0x0000000008008304                HAL_HRTIM_DeadTimeConfig
 .text.HAL_HRTIM_WaveformCompareConfig
                0x0000000008008404      0x2dc ./Drivers/STM32G4xx_HAL_Driver/Src/stm32g4xx_hal_hrtim.o
                0x0000000008008404                HAL_HRTIM_WaveformCompareConfig
 .text.HAL_HRTIM_WaveformOutputConfig
                0x00000000080086e0       0x62 ./Drivers/STM32G4xx_HAL_Driver/Src/stm32g4xx_hal_hrtim.o
                0x00000000080086e0                HAL_HRTIM_WaveformOutputConfig
 .text.HAL_HRTIM_WaveformOutputStart
                0x0000000008008742       0x5a ./Drivers/STM32G4xx_HAL_Driver/Src/stm32g4xx_hal_hrtim.o
                0x0000000008008742                HAL_HRTIM_WaveformOutputStart
 .text.HAL_HRTIM_WaveformOutputStop
                0x000000000800879c       0x5a ./Drivers/STM32G4xx_HAL_Driver/Src/stm32g4xx_hal_hrtim.o
                0x000000000800879c                HAL_HRTIM_WaveformOutputStop
 .text.HAL_HRTIM_WaveformCountStart
                0x00000000080087f6       0x56 ./Drivers/STM32G4xx_HAL_Driver/Src/stm32g4xx_hal_hrtim.o
                0x00000000080087f6                HAL_HRTIM_WaveformCountStart
 .text.HRTIM_MasterBase_Config
                0x000000000800884c       0x5e ./Drivers/STM32G4xx_HAL_Driver/Src/stm32g4xx_hal_hrtim.o
 .text.HRTIM_TimingUnitBase_Config
                0x00000000080088aa       0x80 ./Drivers/STM32G4xx_HAL_Driver/Src/stm32g4xx_hal_hrtim.o
 .text.HRTIM_MasterWaveform_Config
                0x000000000800892a      0x13a ./Drivers/STM32G4xx_HAL_Driver/Src/stm32g4xx_hal_hrtim.o
 .text.HRTIM_TimingUnitWaveform_Config
                0x0000000008008a64      0x30c ./Drivers/STM32G4xx_HAL_Driver/Src/stm32g4xx_hal_hrtim.o
 .text.HRTIM_TimingUnitWaveform_Control
                0x0000000008008d70       0xc0 ./Drivers/STM32G4xx_HAL_Driver/Src/stm32g4xx_hal_hrtim.o
 .text.HRTIM_OutputConfig
                0x0000000008008e30      0x220 ./Drivers/STM32G4xx_HAL_Driver/Src/stm32g4xx_hal_hrtim.o
 .text.HRTIM_ForceRegistersUpdate
                0x0000000008009050       0xdc ./Drivers/STM32G4xx_HAL_Driver/Src/stm32g4xx_hal_hrtim.o
 .text.HAL_I2C_Init
                0x000000000800912c      0x136 ./Drivers/STM32G4xx_HAL_Driver/Src/stm32g4xx_hal_i2c.o
                0x000000000800912c                HAL_I2C_Init
 *fill*         0x0000000008009262        0x2 
 .text.HAL_I2C_Mem_Write
                0x0000000008009264      0x228 ./Drivers/STM32G4xx_HAL_Driver/Src/stm32g4xx_hal_i2c.o
                0x0000000008009264                HAL_I2C_Mem_Write
 .text.HAL_I2C_Mem_Read
                0x000000000800948c      0x234 ./Drivers/STM32G4xx_HAL_Driver/Src/stm32g4xx_hal_i2c.o
                0x000000000800948c                HAL_I2C_Mem_Read
 .text.HAL_I2C_IsDeviceReady
                0x00000000080096c0      0x1d8 ./Drivers/STM32G4xx_HAL_Driver/Src/stm32g4xx_hal_i2c.o
                0x00000000080096c0                HAL_I2C_IsDeviceReady
 .text.I2C_RequestMemoryWrite
                0x0000000008009898       0xa8 ./Drivers/STM32G4xx_HAL_Driver/Src/stm32g4xx_hal_i2c.o
 .text.I2C_RequestMemoryRead
                0x0000000008009940       0xa8 ./Drivers/STM32G4xx_HAL_Driver/Src/stm32g4xx_hal_i2c.o
 .text.I2C_Flush_TXDR
                0x00000000080099e8       0x48 ./Drivers/STM32G4xx_HAL_Driver/Src/stm32g4xx_hal_i2c.o
 .text.I2C_WaitOnFlagUntilTimeout
                0x0000000008009a30       0xb2 ./Drivers/STM32G4xx_HAL_Driver/Src/stm32g4xx_hal_i2c.o
 .text.I2C_WaitOnTXISFlagUntilTimeout
                0x0000000008009ae2       0x8e ./Drivers/STM32G4xx_HAL_Driver/Src/stm32g4xx_hal_i2c.o
 .text.I2C_WaitOnSTOPFlagUntilTimeout
                0x0000000008009b70       0x86 ./Drivers/STM32G4xx_HAL_Driver/Src/stm32g4xx_hal_i2c.o
 *fill*         0x0000000008009bf6        0x2 
 .text.I2C_IsErrorOccurred
                0x0000000008009bf8      0x1c0 ./Drivers/STM32G4xx_HAL_Driver/Src/stm32g4xx_hal_i2c.o
 .text.I2C_TransferConfig
                0x0000000008009db8       0x64 ./Drivers/STM32G4xx_HAL_Driver/Src/stm32g4xx_hal_i2c.o
 .text.HAL_I2CEx_ConfigAnalogFilter
                0x0000000008009e1c       0x96 ./Drivers/STM32G4xx_HAL_Driver/Src/stm32g4xx_hal_i2c_ex.o
                0x0000000008009e1c                HAL_I2CEx_ConfigAnalogFilter
 .text.HAL_I2CEx_ConfigDigitalFilter
                0x0000000008009eb2       0x98 ./Drivers/STM32G4xx_HAL_Driver/Src/stm32g4xx_hal_i2c_ex.o
                0x0000000008009eb2                HAL_I2CEx_ConfigDigitalFilter
 *fill*         0x0000000008009f4a        0x2 
 .text.HAL_PWREx_ControlVoltageScaling
                0x0000000008009f4c      0x148 ./Drivers/STM32G4xx_HAL_Driver/Src/stm32g4xx_hal_pwr_ex.o
                0x0000000008009f4c                HAL_PWREx_ControlVoltageScaling
 .text.HAL_PWREx_DisableUCPDDeadBattery
                0x000000000800a094       0x20 ./Drivers/STM32G4xx_HAL_Driver/Src/stm32g4xx_hal_pwr_ex.o
                0x000000000800a094                HAL_PWREx_DisableUCPDDeadBattery
 .text.HAL_RCC_OscConfig
                0x000000000800a0b4      0x624 ./Drivers/STM32G4xx_HAL_Driver/Src/stm32g4xx_hal_rcc.o
                0x000000000800a0b4                HAL_RCC_OscConfig
 .text.HAL_RCC_ClockConfig
                0x000000000800a6d8      0x278 ./Drivers/STM32G4xx_HAL_Driver/Src/stm32g4xx_hal_rcc.o
                0x000000000800a6d8                HAL_RCC_ClockConfig
 .text.HAL_RCC_GetSysClockFreq
                0x000000000800a950       0xc4 ./Drivers/STM32G4xx_HAL_Driver/Src/stm32g4xx_hal_rcc.o
                0x000000000800a950                HAL_RCC_GetSysClockFreq
 .text.HAL_RCC_GetHCLKFreq
                0x000000000800aa14       0x18 ./Drivers/STM32G4xx_HAL_Driver/Src/stm32g4xx_hal_rcc.o
                0x000000000800aa14                HAL_RCC_GetHCLKFreq
 .text.HAL_RCC_GetPCLK1Freq
                0x000000000800aa2c       0x2c ./Drivers/STM32G4xx_HAL_Driver/Src/stm32g4xx_hal_rcc.o
                0x000000000800aa2c                HAL_RCC_GetPCLK1Freq
 .text.HAL_RCC_GetPCLK2Freq
                0x000000000800aa58       0x2c ./Drivers/STM32G4xx_HAL_Driver/Src/stm32g4xx_hal_rcc.o
                0x000000000800aa58                HAL_RCC_GetPCLK2Freq
 .text.RCC_GetSysClockFreqFromPLLSource
                0x000000000800aa84       0x8c ./Drivers/STM32G4xx_HAL_Driver/Src/stm32g4xx_hal_rcc.o
 .text.HAL_RCCEx_PeriphCLKConfig
                0x000000000800ab10      0x49c ./Drivers/STM32G4xx_HAL_Driver/Src/stm32g4xx_hal_rcc_ex.o
                0x000000000800ab10                HAL_RCCEx_PeriphCLKConfig
 .text.HAL_SPI_Init
                0x000000000800afac      0x156 ./Drivers/STM32G4xx_HAL_Driver/Src/stm32g4xx_hal_spi.o
                0x000000000800afac                HAL_SPI_Init
 .text.HAL_TIM_Base_Init
                0x000000000800b102       0xae ./Drivers/STM32G4xx_HAL_Driver/Src/stm32g4xx_hal_tim.o
                0x000000000800b102                HAL_TIM_Base_Init
 .text.HAL_TIM_Base_Start_IT
                0x000000000800b1b0       0xf0 ./Drivers/STM32G4xx_HAL_Driver/Src/stm32g4xx_hal_tim.o
                0x000000000800b1b0                HAL_TIM_Base_Start_IT
 .text.HAL_TIM_IRQHandler
                0x000000000800b2a0      0x29e ./Drivers/STM32G4xx_HAL_Driver/Src/stm32g4xx_hal_tim.o
                0x000000000800b2a0                HAL_TIM_IRQHandler
 *fill*         0x000000000800b53e        0x2 
 .text.HAL_TIM_ConfigClockSource
                0x000000000800b540      0x22c ./Drivers/STM32G4xx_HAL_Driver/Src/stm32g4xx_hal_tim.o
                0x000000000800b540                HAL_TIM_ConfigClockSource
 .text.HAL_TIM_PeriodElapsedCallback
                0x000000000800b76c       0x14 ./Drivers/STM32G4xx_HAL_Driver/Src/stm32g4xx_hal_tim.o
                0x000000000800b76c                HAL_TIM_PeriodElapsedCallback
 .text.HAL_TIM_OC_DelayElapsedCallback
                0x000000000800b780       0x14 ./Drivers/STM32G4xx_HAL_Driver/Src/stm32g4xx_hal_tim.o
                0x000000000800b780                HAL_TIM_OC_DelayElapsedCallback
 .text.HAL_TIM_IC_CaptureCallback
                0x000000000800b794       0x14 ./Drivers/STM32G4xx_HAL_Driver/Src/stm32g4xx_hal_tim.o
                0x000000000800b794                HAL_TIM_IC_CaptureCallback
 .text.HAL_TIM_PWM_PulseFinishedCallback
                0x000000000800b7a8       0x14 ./Drivers/STM32G4xx_HAL_Driver/Src/stm32g4xx_hal_tim.o
                0x000000000800b7a8                HAL_TIM_PWM_PulseFinishedCallback
 .text.HAL_TIM_TriggerCallback
                0x000000000800b7bc       0x14 ./Drivers/STM32G4xx_HAL_Driver/Src/stm32g4xx_hal_tim.o
                0x000000000800b7bc                HAL_TIM_TriggerCallback
 .text.TIM_Base_SetConfig
                0x000000000800b7d0      0x168 ./Drivers/STM32G4xx_HAL_Driver/Src/stm32g4xx_hal_tim.o
                0x000000000800b7d0                TIM_Base_SetConfig
 .text.TIM_TI1_ConfigInputStage
                0x000000000800b938       0x5e ./Drivers/STM32G4xx_HAL_Driver/Src/stm32g4xx_hal_tim.o
 .text.TIM_TI2_ConfigInputStage
                0x000000000800b996       0x60 ./Drivers/STM32G4xx_HAL_Driver/Src/stm32g4xx_hal_tim.o
 .text.TIM_ITRx_SetConfig
                0x000000000800b9f6       0x3a ./Drivers/STM32G4xx_HAL_Driver/Src/stm32g4xx_hal_tim.o
 .text.TIM_ETR_SetConfig
                0x000000000800ba30       0x40 ./Drivers/STM32G4xx_HAL_Driver/Src/stm32g4xx_hal_tim.o
                0x000000000800ba30                TIM_ETR_SetConfig
 .text.HAL_TIMEx_MasterConfigSynchronization
                0x000000000800ba70      0x12c ./Drivers/STM32G4xx_HAL_Driver/Src/stm32g4xx_hal_tim_ex.o
                0x000000000800ba70                HAL_TIMEx_MasterConfigSynchronization
 .text.HAL_TIMEx_CommutCallback
                0x000000000800bb9c       0x14 ./Drivers/STM32G4xx_HAL_Driver/Src/stm32g4xx_hal_tim_ex.o
                0x000000000800bb9c                HAL_TIMEx_CommutCallback
 .text.HAL_TIMEx_BreakCallback
                0x000000000800bbb0       0x14 ./Drivers/STM32G4xx_HAL_Driver/Src/stm32g4xx_hal_tim_ex.o
                0x000000000800bbb0                HAL_TIMEx_BreakCallback
 .text.HAL_TIMEx_Break2Callback
                0x000000000800bbc4       0x14 ./Drivers/STM32G4xx_HAL_Driver/Src/stm32g4xx_hal_tim_ex.o
                0x000000000800bbc4                HAL_TIMEx_Break2Callback
 .text.HAL_TIMEx_EncoderIndexCallback
                0x000000000800bbd8       0x14 ./Drivers/STM32G4xx_HAL_Driver/Src/stm32g4xx_hal_tim_ex.o
                0x000000000800bbd8                HAL_TIMEx_EncoderIndexCallback
 .text.HAL_TIMEx_DirectionChangeCallback
                0x000000000800bbec       0x14 ./Drivers/STM32G4xx_HAL_Driver/Src/stm32g4xx_hal_tim_ex.o
                0x000000000800bbec                HAL_TIMEx_DirectionChangeCallback
 .text.HAL_TIMEx_IndexErrorCallback
                0x000000000800bc00       0x14 ./Drivers/STM32G4xx_HAL_Driver/Src/stm32g4xx_hal_tim_ex.o
                0x000000000800bc00                HAL_TIMEx_IndexErrorCallback
 .text.HAL_TIMEx_TransitionErrorCallback
                0x000000000800bc14       0x14 ./Drivers/STM32G4xx_HAL_Driver/Src/stm32g4xx_hal_tim_ex.o
                0x000000000800bc14                HAL_TIMEx_TransitionErrorCallback
 .text.HAL_UART_Init
                0x000000000800bc28       0xa0 ./Drivers/STM32G4xx_HAL_Driver/Src/stm32g4xx_hal_uart.o
                0x000000000800bc28                HAL_UART_Init
 .text.HAL_UART_Transmit_IT
                0x000000000800bcc8      0x128 ./Drivers/STM32G4xx_HAL_Driver/Src/stm32g4xx_hal_uart.o
                0x000000000800bcc8                HAL_UART_Transmit_IT
 .text.HAL_UART_Receive_IT
                0x000000000800bdf0       0x98 ./Drivers/STM32G4xx_HAL_Driver/Src/stm32g4xx_hal_uart.o
                0x000000000800bdf0                HAL_UART_Receive_IT
 .text.HAL_UART_IRQHandler
                0x000000000800be88      0x648 ./Drivers/STM32G4xx_HAL_Driver/Src/stm32g4xx_hal_uart.o
                0x000000000800be88                HAL_UART_IRQHandler
 .text.HAL_UART_TxCpltCallback
                0x000000000800c4d0       0x14 ./Drivers/STM32G4xx_HAL_Driver/Src/stm32g4xx_hal_uart.o
                0x000000000800c4d0                HAL_UART_TxCpltCallback
 .text.HAL_UART_ErrorCallback
                0x000000000800c4e4       0x14 ./Drivers/STM32G4xx_HAL_Driver/Src/stm32g4xx_hal_uart.o
                0x000000000800c4e4                HAL_UART_ErrorCallback
 .text.HAL_UARTEx_RxEventCallback
                0x000000000800c4f8       0x18 ./Drivers/STM32G4xx_HAL_Driver/Src/stm32g4xx_hal_uart.o
                0x000000000800c4f8                HAL_UARTEx_RxEventCallback
 .text.UART_SetConfig
                0x000000000800c510      0x5f8 ./Drivers/STM32G4xx_HAL_Driver/Src/stm32g4xx_hal_uart.o
                0x000000000800c510                UART_SetConfig
 .text.UART_AdvFeatureConfig
                0x000000000800cb08      0x144 ./Drivers/STM32G4xx_HAL_Driver/Src/stm32g4xx_hal_uart.o
                0x000000000800cb08                UART_AdvFeatureConfig
 .text.UART_CheckIdleState
                0x000000000800cc4c      0x154 ./Drivers/STM32G4xx_HAL_Driver/Src/stm32g4xx_hal_uart.o
                0x000000000800cc4c                UART_CheckIdleState
 .text.UART_WaitOnFlagUntilTimeout
                0x000000000800cda0       0xda ./Drivers/STM32G4xx_HAL_Driver/Src/stm32g4xx_hal_uart.o
                0x000000000800cda0                UART_WaitOnFlagUntilTimeout
 *fill*         0x000000000800ce7a        0x2 
 .text.UART_Start_Receive_IT
                0x000000000800ce7c      0x244 ./Drivers/STM32G4xx_HAL_Driver/Src/stm32g4xx_hal_uart.o
                0x000000000800ce7c                UART_Start_Receive_IT
 .text.UART_EndRxTransfer
                0x000000000800d0c0       0xcc ./Drivers/STM32G4xx_HAL_Driver/Src/stm32g4xx_hal_uart.o
 .text.UART_DMAAbortOnError
                0x000000000800d18c       0x2c ./Drivers/STM32G4xx_HAL_Driver/Src/stm32g4xx_hal_uart.o
 .text.UART_TxISR_8BIT
                0x000000000800d1b8       0xb8 ./Drivers/STM32G4xx_HAL_Driver/Src/stm32g4xx_hal_uart.o
 .text.UART_TxISR_16BIT
                0x000000000800d270       0xc2 ./Drivers/STM32G4xx_HAL_Driver/Src/stm32g4xx_hal_uart.o
 .text.UART_TxISR_8BIT_FIFOEN
                0x000000000800d332       0xe0 ./Drivers/STM32G4xx_HAL_Driver/Src/stm32g4xx_hal_uart.o
 .text.UART_TxISR_16BIT_FIFOEN
                0x000000000800d412       0xea ./Drivers/STM32G4xx_HAL_Driver/Src/stm32g4xx_hal_uart.o
 .text.UART_EndTransmit_IT
                0x000000000800d4fc       0x56 ./Drivers/STM32G4xx_HAL_Driver/Src/stm32g4xx_hal_uart.o
 *fill*         0x000000000800d552        0x2 
 .text.UART_RxISR_8BIT
                0x000000000800d554      0x1b8 ./Drivers/STM32G4xx_HAL_Driver/Src/stm32g4xx_hal_uart.o
 .text.UART_RxISR_16BIT
                0x000000000800d70c      0x1b8 ./Drivers/STM32G4xx_HAL_Driver/Src/stm32g4xx_hal_uart.o
 .text.UART_RxISR_8BIT_FIFOEN
                0x000000000800d8c4      0x360 ./Drivers/STM32G4xx_HAL_Driver/Src/stm32g4xx_hal_uart.o
 .text.UART_RxISR_16BIT_FIFOEN
                0x000000000800dc24      0x368 ./Drivers/STM32G4xx_HAL_Driver/Src/stm32g4xx_hal_uart.o
 .text.HAL_UARTEx_WakeupCallback
                0x000000000800df8c       0x14 ./Drivers/STM32G4xx_HAL_Driver/Src/stm32g4xx_hal_uart_ex.o
                0x000000000800df8c                HAL_UARTEx_WakeupCallback
 .text.HAL_UARTEx_RxFifoFullCallback
                0x000000000800dfa0       0x14 ./Drivers/STM32G4xx_HAL_Driver/Src/stm32g4xx_hal_uart_ex.o
                0x000000000800dfa0                HAL_UARTEx_RxFifoFullCallback
 .text.HAL_UARTEx_TxFifoEmptyCallback
                0x000000000800dfb4       0x14 ./Drivers/STM32G4xx_HAL_Driver/Src/stm32g4xx_hal_uart_ex.o
                0x000000000800dfb4                HAL_UARTEx_TxFifoEmptyCallback
 .text.HAL_UARTEx_DisableFifoMode
                0x000000000800dfc8       0x72 ./Drivers/STM32G4xx_HAL_Driver/Src/stm32g4xx_hal_uart_ex.o
                0x000000000800dfc8                HAL_UARTEx_DisableFifoMode
 .text.HAL_UARTEx_SetTxFifoThreshold
                0x000000000800e03a       0x7c ./Drivers/STM32G4xx_HAL_Driver/Src/stm32g4xx_hal_uart_ex.o
                0x000000000800e03a                HAL_UARTEx_SetTxFifoThreshold
 .text.HAL_UARTEx_SetRxFifoThreshold
                0x000000000800e0b6       0x7c ./Drivers/STM32G4xx_HAL_Driver/Src/stm32g4xx_hal_uart_ex.o
                0x000000000800e0b6                HAL_UARTEx_SetRxFifoThreshold
 *fill*         0x000000000800e132        0x2 
 .text.UARTEx_SetNbDataToProcess
                0x000000000800e134       0x9c ./Drivers/STM32G4xx_HAL_Driver/Src/stm32g4xx_hal_uart_ex.o
 .text.__libc_init_array
                0x000000000800e1d0       0x48 c:/st/stm32cubeide_1.12.0/stm32cubeide/plugins/com.st.stm32cube.ide.mcu.externaltools.gnu-tools-for-stm32.10.3-2021.10.win32_1.0.200.202301161003/tools/bin/../lib/gcc/arm-none-eabi/10.3.1/../../../../arm-none-eabi/lib/thumb/v7e-m+fp/hard\libc_nano.a(lib_a-init.o)
                0x000000000800e1d0                __libc_init_array
 .text.memcpy   0x000000000800e218       0x1c c:/st/stm32cubeide_1.12.0/stm32cubeide/plugins/com.st.stm32cube.ide.mcu.externaltools.gnu-tools-for-stm32.10.3-2021.10.win32_1.0.200.202301161003/tools/bin/../lib/gcc/arm-none-eabi/10.3.1/../../../../arm-none-eabi/lib/thumb/v7e-m+fp/hard\libc_nano.a(lib_a-memcpy-stub.o)
                0x000000000800e218                memcpy
 .text.memset   0x000000000800e234       0x10 c:/st/stm32cubeide_1.12.0/stm32cubeide/plugins/com.st.stm32cube.ide.mcu.externaltools.gnu-tools-for-stm32.10.3-2021.10.win32_1.0.200.202301161003/tools/bin/../lib/gcc/arm-none-eabi/10.3.1/../../../../arm-none-eabi/lib/thumb/v7e-m+fp/hard\libc_nano.a(lib_a-memset.o)
                0x000000000800e234                memset
 *(.glue_7)
 .glue_7        0x000000000800e244        0x0 linker stubs
 *(.glue_7t)
 .glue_7t       0x000000000800e244        0x0 linker stubs
 *(.eh_frame)
 .eh_frame      0x000000000800e244        0x0 c:/st/stm32cubeide_1.12.0/stm32cubeide/plugins/com.st.stm32cube.ide.mcu.externaltools.gnu-tools-for-stm32.10.3-2021.10.win32_1.0.200.202301161003/tools/bin/../lib/gcc/arm-none-eabi/10.3.1/thumb/v7e-m+fp/hard/crtbegin.o
 *(.init)
 .init          0x000000000800e244        0x4 c:/st/stm32cubeide_1.12.0/stm32cubeide/plugins/com.st.stm32cube.ide.mcu.externaltools.gnu-tools-for-stm32.10.3-2021.10.win32_1.0.200.202301161003/tools/bin/../lib/gcc/arm-none-eabi/10.3.1/thumb/v7e-m+fp/hard/crti.o
                0x000000000800e244                _init
 .init          0x000000000800e248        0x8 c:/st/stm32cubeide_1.12.0/stm32cubeide/plugins/com.st.stm32cube.ide.mcu.externaltools.gnu-tools-for-stm32.10.3-2021.10.win32_1.0.200.202301161003/tools/bin/../lib/gcc/arm-none-eabi/10.3.1/thumb/v7e-m+fp/hard/crtn.o
 *(.fini)
 .fini          0x000000000800e250        0x4 c:/st/stm32cubeide_1.12.0/stm32cubeide/plugins/com.st.stm32cube.ide.mcu.externaltools.gnu-tools-for-stm32.10.3-2021.10.win32_1.0.200.202301161003/tools/bin/../lib/gcc/arm-none-eabi/10.3.1/thumb/v7e-m+fp/hard/crti.o
                0x000000000800e250                _fini
 .fini          0x000000000800e254        0x8 c:/st/stm32cubeide_1.12.0/stm32cubeide/plugins/com.st.stm32cube.ide.mcu.externaltools.gnu-tools-for-stm32.10.3-2021.10.win32_1.0.200.202301161003/tools/bin/../lib/gcc/arm-none-eabi/10.3.1/thumb/v7e-m+fp/hard/crtn.o
                0x000000000800e25c                . = ALIGN (0x4)
                0x000000000800e25c                _etext = .

.vfp11_veneer   0x000000000800e25c        0x0
 .vfp11_veneer  0x000000000800e25c        0x0 linker stubs

.v4_bx          0x000000000800e25c        0x0
 .v4_bx         0x000000000800e25c        0x0 linker stubs

.iplt           0x000000000800e25c        0x0
 .iplt          0x000000000800e25c        0x0 c:/st/stm32cubeide_1.12.0/stm32cubeide/plugins/com.st.stm32cube.ide.mcu.externaltools.gnu-tools-for-stm32.10.3-2021.10.win32_1.0.200.202301161003/tools/bin/../lib/gcc/arm-none-eabi/10.3.1/thumb/v7e-m+fp/hard/crtbegin.o

.rodata         0x000000000800e25c      0x824
                0x000000000800e25c                . = ALIGN (0x4)
 *(.rodata)
 *(.rodata*)
 .rodata.temperature_values
                0x000000000800e25c      0x25c ./App/Src/ntc_measurement.o
                0x000000000800e25c                temperature_values
 .rodata.resistance_values
                0x000000000800e4b8      0x25c ./App/Src/ntc_measurement.o
                0x000000000800e4b8                resistance_values
 .rodata.trafo_meas_values
                0x000000000800e714      0x194 ./App/Src/ntc_measurement.o
                0x000000000800e714                trafo_meas_values
 .rodata.trafo_temp_values
                0x000000000800e8a8      0x194 ./App/Src/ntc_measurement.o
                0x000000000800e8a8                trafo_temp_values
 .rodata.table.0
                0x000000000800ea3c        0x4 ./Core/Src/ModbusRTU_Slave.o
 .rodata.AHBPrescTable
                0x000000000800ea40       0x10 ./Core/Src/system_stm32g4xx.o
                0x000000000800ea40                AHBPrescTable
 .rodata.APBPrescTable
                0x000000000800ea50        0x8 ./Core/Src/system_stm32g4xx.o
                0x000000000800ea50                APBPrescTable
 .rodata.UARTPrescTable
                0x000000000800ea58       0x18 ./Drivers/STM32G4xx_HAL_Driver/Src/stm32g4xx_hal_uart.o
                0x000000000800ea58                UARTPrescTable
 .rodata.numerator.1
                0x000000000800ea70        0x8 ./Drivers/STM32G4xx_HAL_Driver/Src/stm32g4xx_hal_uart_ex.o
 .rodata.denominator.0
                0x000000000800ea78        0x8 ./Drivers/STM32G4xx_HAL_Driver/Src/stm32g4xx_hal_uart_ex.o
                0x000000000800ea80                . = ALIGN (0x4)

.ARM.extab      0x000000000800ea80        0x0
                0x000000000800ea80                . = ALIGN (0x4)
 *(.ARM.extab* .gnu.linkonce.armextab.*)
                0x000000000800ea80                . = ALIGN (0x4)

.ARM            0x000000000800ea80        0x8
                0x000000000800ea80                . = ALIGN (0x4)
                0x000000000800ea80                __exidx_start = .
 *(.ARM.exidx*)
 .ARM.exidx     0x000000000800ea80        0x8 c:/st/stm32cubeide_1.12.0/stm32cubeide/plugins/com.st.stm32cube.ide.mcu.externaltools.gnu-tools-for-stm32.10.3-2021.10.win32_1.0.200.202301161003/tools/bin/../lib/gcc/arm-none-eabi/10.3.1/thumb/v7e-m+fp/hard\libgcc.a(_udivmoddi4.o)
                0x000000000800ea88                __exidx_end = .
                0x000000000800ea88                . = ALIGN (0x4)

.rel.dyn        0x000000000800ea88        0x0
 .rel.iplt      0x000000000800ea88        0x0 c:/st/stm32cubeide_1.12.0/stm32cubeide/plugins/com.st.stm32cube.ide.mcu.externaltools.gnu-tools-for-stm32.10.3-2021.10.win32_1.0.200.202301161003/tools/bin/../lib/gcc/arm-none-eabi/10.3.1/thumb/v7e-m+fp/hard/crtbegin.o

.preinit_array  0x000000000800ea88        0x0
                0x000000000800ea88                . = ALIGN (0x4)
                0x000000000800ea88                PROVIDE (__preinit_array_start = .)
 *(.preinit_array*)
                0x000000000800ea88                PROVIDE (__preinit_array_end = .)
                0x000000000800ea88                . = ALIGN (0x4)

.init_array     0x000000000800ea88        0x4
                0x000000000800ea88                . = ALIGN (0x4)
                0x000000000800ea88                PROVIDE (__init_array_start = .)
 *(SORT_BY_NAME(.init_array.*))
 *(.init_array*)
 .init_array    0x000000000800ea88        0x4 c:/st/stm32cubeide_1.12.0/stm32cubeide/plugins/com.st.stm32cube.ide.mcu.externaltools.gnu-tools-for-stm32.10.3-2021.10.win32_1.0.200.202301161003/tools/bin/../lib/gcc/arm-none-eabi/10.3.1/thumb/v7e-m+fp/hard/crtbegin.o
                0x000000000800ea8c                PROVIDE (__init_array_end = .)
                0x000000000800ea8c                . = ALIGN (0x4)

.fini_array     0x000000000800ea8c        0x4
                0x000000000800ea8c                . = ALIGN (0x4)
                [!provide]                        PROVIDE (__fini_array_start = .)
 *(SORT_BY_NAME(.fini_array.*))
 *(.fini_array*)
 .fini_array    0x000000000800ea8c        0x4 c:/st/stm32cubeide_1.12.0/stm32cubeide/plugins/com.st.stm32cube.ide.mcu.externaltools.gnu-tools-for-stm32.10.3-2021.10.win32_1.0.200.202301161003/tools/bin/../lib/gcc/arm-none-eabi/10.3.1/thumb/v7e-m+fp/hard/crtbegin.o
                [!provide]                        PROVIDE (__fini_array_end = .)
                0x000000000800ea90                . = ALIGN (0x4)
                0x000000000800ea90                _sidata = LOADADDR (.data)

.data           0x0000000020000000      0x1c4 load address 0x000000000800ea90
                0x0000000020000000                . = ALIGN (0x4)
                0x0000000020000000                _sdata = .
 *(.data)
 *(.data*)
 .data.V_cmd    0x0000000020000000        0x4 ./App/Src/process.o
                0x0000000020000000                V_cmd
 .data.mod_index
                0x0000000020000004        0x4 ./App/Src/process.o
                0x0000000020000004                mod_index
 .data.R_sine_wave
                0x0000000020000008      0x190 ./App/Src/process.o
                0x0000000020000008                R_sine_wave
 .data.error_list
                0x0000000020000198       0x1d ./Core/Src/error_display.o
                0x0000000020000198                error_list
 *fill*         0x00000000200001b5        0x3 
 .data.SystemCoreClock
                0x00000000200001b8        0x4 ./Core/Src/system_stm32g4xx.o
                0x00000000200001b8                SystemCoreClock
 .data.uwTickPrio
                0x00000000200001bc        0x4 ./Drivers/STM32G4xx_HAL_Driver/Src/stm32g4xx_hal.o
                0x00000000200001bc                uwTickPrio
 .data.uwTickFreq
                0x00000000200001c0        0x4 ./Drivers/STM32G4xx_HAL_Driver/Src/stm32g4xx_hal.o
                0x00000000200001c0                uwTickFreq
 *(.RamFunc)
 *(.RamFunc*)
                0x00000000200001c4                . = ALIGN (0x4)
                0x00000000200001c4                _edata = .

.igot.plt       0x00000000200001c4        0x0 load address 0x000000000800ec54
 .igot.plt      0x00000000200001c4        0x0 c:/st/stm32cubeide_1.12.0/stm32cubeide/plugins/com.st.stm32cube.ide.mcu.externaltools.gnu-tools-for-stm32.10.3-2021.10.win32_1.0.200.202301161003/tools/bin/../lib/gcc/arm-none-eabi/10.3.1/thumb/v7e-m+fp/hard/crtbegin.o
                0x00000000200001c4                . = ALIGN (0x4)

.bss            0x00000000200001c4      0xa80 load address 0x000000000800ec54
                0x00000000200001c4                _sbss = .
                0x00000000200001c4                __bss_start__ = _sbss
 *(.bss)
 .bss           0x00000000200001c4       0x1c c:/st/stm32cubeide_1.12.0/stm32cubeide/plugins/com.st.stm32cube.ide.mcu.externaltools.gnu-tools-for-stm32.10.3-2021.10.win32_1.0.200.202301161003/tools/bin/../lib/gcc/arm-none-eabi/10.3.1/thumb/v7e-m+fp/hard/crtbegin.o
 *(.bss*)
 .bss.dac1      0x00000000200001e0        0x1 ./App/Src/debug.o
                0x00000000200001e0                dac1
 .bss.dac2      0x00000000200001e1        0x1 ./App/Src/debug.o
                0x00000000200001e1                dac2
 *fill*         0x00000000200001e2        0x2 
 .bss.Adc1_Buffer
                0x00000000200001e4       0x20 ./App/Src/measurement.o
                0x00000000200001e4                Adc1_Buffer
 .bss.Adc2_Buffer
                0x0000000020000204       0x20 ./App/Src/measurement.o
                0x0000000020000204                Adc2_Buffer
 .bss.Adc3_Buffer
                0x0000000020000224       0x10 ./App/Src/measurement.o
                0x0000000020000224                Adc3_Buffer
 .bss.Adc4_Buffer
                0x0000000020000234        0x8 ./App/Src/measurement.o
                0x0000000020000234                Adc4_Buffer
 .bss.Adc_Sum_Buffer
                0x000000002000023c       0x2c ./App/Src/measurement.o
                0x000000002000023c                Adc_Sum_Buffer
 .bss.Adc_Avg_Buffer
                0x0000000020000268       0x2c ./App/Src/measurement.o
                0x0000000020000268                Adc_Avg_Buffer
 .bss.switch_states
                0x0000000020000294        0x6 ./App/Src/pcp.o
                0x0000000020000294                switch_states
 *fill*         0x000000002000029a        0x2 
 .bss.ConfigPara
                0x000000002000029c      0x1b0 ./App/Src/process.o
                0x000000002000029c                ConfigPara
 .bss.VphBase   0x000000002000044c        0x4 ./App/Src/process.o
                0x000000002000044c                VphBase
 .bss.mSec1_Flag
                0x0000000020000450        0x1 ./App/Src/process.o
                0x0000000020000450                mSec1_Flag
 .bss.mSec40_Flag
                0x0000000020000451        0x1 ./App/Src/process.o
                0x0000000020000451                mSec40_Flag
 .bss.Sec1_Flag
                0x0000000020000452        0x1 ./App/Src/process.o
                0x0000000020000452                Sec1_Flag
 .bss.mSec100_Flag
                0x0000000020000453        0x1 ./App/Src/process.o
                0x0000000020000453                mSec100_Flag
 .bss.CNT_TIM6  0x0000000020000454        0x4 ./App/Src/process.o
                0x0000000020000454                CNT_TIM6
 .bss.Vsup      0x0000000020000458        0xc ./App/Src/process.o
                0x0000000020000458                Vsup
 .bss.Isup      0x0000000020000464        0xc ./App/Src/process.o
                0x0000000020000464                Isup
 .bss.Iafe      0x0000000020000470        0xc ./App/Src/process.o
                0x0000000020000470                Iafe
 .bss.Ipsfb     0x000000002000047c        0x8 ./App/Src/process.o
                0x000000002000047c                Ipsfb
 .bss.Vbus      0x0000000020000484        0x8 ./App/Src/process.o
                0x0000000020000484                Vbus
 .bss.Iout      0x000000002000048c        0x8 ./App/Src/process.o
                0x000000002000048c                Iout
 .bss.TDiode_Res
                0x0000000020000494        0x8 ./App/Src/process.o
                0x0000000020000494                TDiode_Res
 .bss.TTrafo_Res
                0x000000002000049c        0x8 ./App/Src/process.o
                0x000000002000049c                TTrafo_Res
 .bss.TAfe_Res  0x00000000200004a4        0x8 ./App/Src/process.o
                0x00000000200004a4                TAfe_Res
 .bss.TPsfb_Res
                0x00000000200004ac        0x8 ./App/Src/process.o
                0x00000000200004ac                TPsfb_Res
 .bss.TTrafo_calc
                0x00000000200004b4        0x4 ./App/Src/process.o
                0x00000000200004b4                TTrafo_calc
 .bss.TTrafo_meas
                0x00000000200004b8        0x4 ./App/Src/process.o
                0x00000000200004b8                TTrafo_meas
 .bss.TDiode    0x00000000200004bc        0x4 ./App/Src/process.o
                0x00000000200004bc                TDiode
 .bss.TTrafo    0x00000000200004c0        0x4 ./App/Src/process.o
                0x00000000200004c0                TTrafo
 .bss.TAfe      0x00000000200004c4        0x4 ./App/Src/process.o
                0x00000000200004c4                TAfe
 .bss.TPsfb     0x00000000200004c8        0x4 ./App/Src/process.o
                0x00000000200004c8                TPsfb
 .bss.DutyRef_R
                0x00000000200004cc        0x2 ./App/Src/process.o
                0x00000000200004cc                DutyRef_R
 .bss.DutyRef_Y
                0x00000000200004ce        0x2 ./App/Src/process.o
                0x00000000200004ce                DutyRef_Y
 .bss.DutyRef_B
                0x00000000200004d0        0x2 ./App/Src/process.o
                0x00000000200004d0                DutyRef_B
 .bss.Psfb_OnOffFlag
                0x00000000200004d2        0x1 ./App/Src/process.o
                0x00000000200004d2                Psfb_OnOffFlag
 .bss.TurnONFlag
                0x00000000200004d3        0x1 ./App/Src/process.o
                0x00000000200004d3                TurnONFlag
 .bss.SoftStartFlag
                0x00000000200004d4        0x1 ./App/Src/process.o
                0x00000000200004d4                SoftStartFlag
 *fill*         0x00000000200004d5        0x3 
 .bss.DAC_value1
                0x00000000200004d8        0x4 ./App/Src/process.o
                0x00000000200004d8                DAC_value1
 .bss.DAC_value2
                0x00000000200004dc        0x4 ./App/Src/process.o
                0x00000000200004dc                DAC_value2
 .bss.Ipsfb_LPF
                0x00000000200004e0        0x8 ./App/Src/process.o
                0x00000000200004e0                Ipsfb_LPF
 .bss.Vbus_LPF  0x00000000200004e8        0x8 ./App/Src/process.o
                0x00000000200004e8                Vbus_LPF
 .bss.Iout_LPF  0x00000000200004f0        0x8 ./App/Src/process.o
                0x00000000200004f0                Iout_LPF
 .bss.TDiode_LPF
                0x00000000200004f8        0x8 ./App/Src/process.o
                0x00000000200004f8                TDiode_LPF
 .bss.Ttrafo_LPF
                0x0000000020000500        0x8 ./App/Src/process.o
                0x0000000020000500                Ttrafo_LPF
 .bss.TAfe_LPF  0x0000000020000508        0x8 ./App/Src/process.o
                0x0000000020000508                TAfe_LPF
 .bss.TPsfb_LPF
                0x0000000020000510        0x8 ./App/Src/process.o
                0x0000000020000510                TPsfb_LPF
 .bss.PWMON_flag
                0x0000000020000518        0x2 ./App/Src/process.o
                0x0000000020000518                PWMON_flag
 .bss.PSFBON_flag
                0x000000002000051a        0x2 ./App/Src/process.o
                0x000000002000051a                PSFBON_flag
 .bss.CELL_Mode
                0x000000002000051c        0x1 ./App/Src/process.o
                0x000000002000051c                CELL_Mode
 *fill*         0x000000002000051d        0x3 
 .bss.fault_det
                0x0000000020000520        0x4 ./App/Src/process.o
                0x0000000020000520                fault_det
 .bss.test_mode_count
                0x0000000020000524        0x1 ./App/Src/process.o
                0x0000000020000524                test_mode_count
 *fill*         0x0000000020000525        0x3 
 .bss.timer_period
                0x0000000020000528        0x4 ./App/Src/process.o
                0x0000000020000528                timer_period
 .bss.g_AFE_switch
                0x000000002000052c        0x1 ./App/Src/process.o
                0x000000002000052c                g_AFE_switch
 .bss.g_PSFB_switch
                0x000000002000052d        0x1 ./App/Src/process.o
                0x000000002000052d                g_PSFB_switch
 .bss.g_cell_test_switch
                0x000000002000052e        0x1 ./App/Src/process.o
                0x000000002000052e                g_cell_test_switch
 .bss.g_reset_switch
                0x000000002000052f        0x1 ./App/Src/process.o
                0x000000002000052f                g_reset_switch
 .bss.fault1    0x0000000020000530        0x1 ./App/Src/protection.o
                0x0000000020000530                fault1
 *fill*         0x0000000020000531        0x3 
 .bss.fault2    0x0000000020000534        0x1 ./App/Src/protection.o
                0x0000000020000534                fault2
 *fill*         0x0000000020000535        0x3 
 .bss.fault3    0x0000000020000538        0x1 ./App/Src/protection.o
                0x0000000020000538                fault3
 *fill*         0x0000000020000539        0x3 
 .bss.fault4    0x000000002000053c        0x1 ./App/Src/protection.o
                0x000000002000053c                fault4
 *fill*         0x000000002000053d        0x3 
 .bss.fault5    0x0000000020000540        0x1 ./App/Src/protection.o
                0x0000000020000540                fault5
 *fill*         0x0000000020000541        0x3 
 .bss.fault7    0x0000000020000544        0x1 ./App/Src/protection.o
                0x0000000020000544                fault7
 *fill*         0x0000000020000545        0x3 
 .bss.cmd       0x0000000020000548        0x1 ./App/Src/protection.o
                0x0000000020000548                cmd
 *fill*         0x0000000020000549        0x3 
 .bss.status1   0x000000002000054c        0x1 ./App/Src/protection.o
                0x000000002000054c                status1
 *fill*         0x000000002000054d        0x3 
 .bss.overlinkCurr
                0x0000000020000550       0x2c ./App/Src/protection.o
                0x0000000020000550                overlinkCurr
 .bss.overlinkVolt
                0x000000002000057c       0x2c ./App/Src/protection.o
                0x000000002000057c                overlinkVolt
 .bss.overIout  0x00000000200005a8       0x2c ./App/Src/protection.o
                0x00000000200005a8                overIout
 .bss.overDiodeTemp
                0x00000000200005d4       0x2c ./App/Src/protection.o
                0x00000000200005d4                overDiodeTemp
 .bss.overPsfbTemp
                0x0000000020000600       0x2c ./App/Src/protection.o
                0x0000000020000600                overPsfbTemp
 .bss.overAfeTemp
                0x000000002000062c       0x2c ./App/Src/protection.o
                0x000000002000062c                overAfeTemp
 .bss.overTrafoTemp
                0x0000000020000658       0x2c ./App/Src/protection.o
                0x0000000020000658                overTrafoTemp
 .bss.underlinkVolt
                0x0000000020000684       0x28 ./App/Src/protection.o
                0x0000000020000684                underlinkVolt
 .bss.sHealthStatus
                0x00000000200006ac        0x1 ./App/Src/protection.o
                0x00000000200006ac                sHealthStatus
 .bss.fault_timer
                0x00000000200006ad        0x1 ./App/Src/protection.o
                0x00000000200006ad                fault_timer
 *fill*         0x00000000200006ae        0x2 
 .bss.phase_diff
                0x00000000200006b0        0x8 ./App/Src/soft_start.o
                0x00000000200006b0                phase_diff
 .bss.ModbusRegister
                0x00000000200006b8       0x14 ./Core/Src/ModbusRTU_Slave.o
                0x00000000200006b8                ModbusRegister
 .bss.ModbusCoil
                0x00000000200006cc       0x1e ./Core/Src/ModbusRTU_Slave.o
                0x00000000200006cc                ModbusCoil
 .bss.uartRxData
                0x00000000200006ea        0x1 ./Core/Src/ModbusRTU_Slave.o
                0x00000000200006ea                uartRxData
 .bss.DataCounter
                0x00000000200006eb        0x1 ./Core/Src/ModbusRTU_Slave.o
                0x00000000200006eb                DataCounter
 .bss.RxInterruptFlag
                0x00000000200006ec        0x1 ./Core/Src/ModbusRTU_Slave.o
                0x00000000200006ec                RxInterruptFlag
 .bss.uartTimeCounter
                0x00000000200006ed        0x1 ./Core/Src/ModbusRTU_Slave.o
                0x00000000200006ed                uartTimeCounter
 .bss.uartPacketComplatedFlag
                0x00000000200006ee        0x1 ./Core/Src/ModbusRTU_Slave.o
                0x00000000200006ee                uartPacketComplatedFlag
 *fill*         0x00000000200006ef        0x1 
 .bss.ModbusRx  0x00000000200006f0       0x19 ./Core/Src/ModbusRTU_Slave.o
                0x00000000200006f0                ModbusRx
 *fill*         0x0000000020000709        0x3 
 .bss.tempModbusRx
                0x000000002000070c       0x19 ./Core/Src/ModbusRTU_Slave.o
                0x000000002000070c                tempModbusRx
 *fill*         0x0000000020000725        0x3 
 .bss.ModbusTx  0x0000000020000728       0x19 ./Core/Src/ModbusRTU_Slave.o
                0x0000000020000728                ModbusTx
 *fill*         0x0000000020000741        0x1 
 .bss.rxCRC     0x0000000020000742        0x2 ./Core/Src/ModbusRTU_Slave.o
                0x0000000020000742                rxCRC
 .bss.hadc1     0x0000000020000744       0x6c ./Core/Src/adc.o
                0x0000000020000744                hadc1
 .bss.hdma_adc1
                0x00000000200007b0       0x60 ./Core/Src/adc.o
                0x00000000200007b0                hdma_adc1
 .bss.hdac1     0x0000000020000810       0x14 ./Core/Src/dac.o
                0x0000000020000810                hdac1
 .bss.toggleFlag
                0x0000000020000824        0x1 ./Core/Src/error_display.o
                0x0000000020000824                toggleFlag
 *fill*         0x0000000020000825        0x3 
 .bss.display_digit
                0x0000000020000828        0x2 ./Core/Src/error_display.o
                0x0000000020000828                display_digit
 .bss.count_error
                0x000000002000082a        0x1 ./Core/Src/error_display.o
                0x000000002000082a                count_error
 *fill*         0x000000002000082b        0x1 
 .bss.hhrtim1   0x000000002000082c       0xfc ./Core/Src/hrtim.o
                0x000000002000082c                hhrtim1
 .bss.hi2c4     0x0000000020000928       0x54 ./Core/Src/i2c.o
                0x0000000020000928                hi2c4
 .bss.u8MASTER1_STATUS
                0x000000002000097c        0x1 ./Core/Src/main.o
                0x000000002000097c                u8MASTER1_STATUS
 .bss.u8MASTER1_STATUS_CAN2
                0x000000002000097d        0x1 ./Core/Src/main.o
                0x000000002000097d                u8MASTER1_STATUS_CAN2
 .bss.u8Slavenumber
                0x000000002000097e        0x2 ./Core/Src/main.o
                0x000000002000097e                u8Slavenumber
 .bss.u8teamlastvalue.1
                0x0000000020000980        0x1 ./Core/Src/main.o
 .bss.u8teamlastvalue_CAN2.0
                0x0000000020000981        0x1 ./Core/Src/main.o
 *fill*         0x0000000020000982        0x2 
 .bss.hspi4     0x0000000020000984       0x64 ./Core/Src/spi.o
                0x0000000020000984                hspi4
 .bss.htim1     0x00000000200009e8       0x4c ./Core/Src/tim.o
                0x00000000200009e8                htim1
 .bss.htim4     0x0000000020000a34       0x4c ./Core/Src/tim.o
                0x0000000020000a34                htim4
 .bss.htim6     0x0000000020000a80       0x4c ./Core/Src/tim.o
                0x0000000020000a80                htim6
 .bss.htim7     0x0000000020000acc       0x4c ./Core/Src/tim.o
                0x0000000020000acc                htim7
 .bss.huart4    0x0000000020000b18       0x94 ./Core/Src/usart.o
                0x0000000020000b18                huart4
 .bss.huart5    0x0000000020000bac       0x94 ./Core/Src/usart.o
                0x0000000020000bac                huart5
 .bss.uwTick    0x0000000020000c40        0x4 ./Drivers/STM32G4xx_HAL_Driver/Src/stm32g4xx_hal.o
                0x0000000020000c40                uwTick
 *(COMMON)
                0x0000000020000c44                . = ALIGN (0x4)
                0x0000000020000c44                _ebss = .
                0x0000000020000c44                __bss_end__ = _ebss

._user_heap_stack
                0x0000000020000c44      0x604 load address 0x000000000800ec54
                0x0000000020000c48                . = ALIGN (0x8)
 *fill*         0x0000000020000c44        0x4 
                [!provide]                        PROVIDE (end = .)
                0x0000000020000c48                PROVIDE (_end = .)
                0x0000000020000e48                . = (. + _Min_Heap_Size)
 *fill*         0x0000000020000c48      0x200 
                0x0000000020001248                . = (. + _Min_Stack_Size)
 *fill*         0x0000000020000e48      0x400 
                0x0000000020001248                . = ALIGN (0x8)

/DISCARD/
 libc.a(*)
 libm.a(*)
 libgcc.a(*)

.ARM.attributes
                0x0000000000000000       0x30
 *(.ARM.attributes)
 .ARM.attributes
                0x0000000000000000       0x1e c:/st/stm32cubeide_1.12.0/stm32cubeide/plugins/com.st.stm32cube.ide.mcu.externaltools.gnu-tools-for-stm32.10.3-2021.10.win32_1.0.200.202301161003/tools/bin/../lib/gcc/arm-none-eabi/10.3.1/thumb/v7e-m+fp/hard/crti.o
 .ARM.attributes