../Core/Src/error_display.c:20:6:one	4	static
../Core/Src/error_display.c:30:6:two	4	static
../Core/Src/error_display.c:40:6:three	4	static
../Core/Src/error_display.c:50:6:four	4	static
../Core/Src/error_display.c:60:6:five	4	static
../Core/Src/error_display.c:70:6:six	4	static
../Core/Src/error_display.c:80:6:seven	4	static
../Core/Src/error_display.c:90:6:eight	4	static
../Core/Src/error_display.c:100:6:nine	4	static
../Core/Src/error_display.c:110:6:zero	4	static
../Core/Src/error_display.c:120:6:no_error	4	static
../Core/Src/error_display.c:130:6:digit_1	16	static
../Core/Src/error_display.c:149:6:digit_2	16	static
../Core/Src/error_display.c:177:9:get_error_list_length	24	static
../Core/Src/error_display.c:188:9:check_errorlist	24	static
../Core/Src/error_display.c:204:6:add_error_to_list	24	static
../Core/Src/error_display.c:223:6:remove_error_from_list	24	static
../Core/Src/error_display.c:249:6:saprate_digit	16	static
../Core/Src/error_display.c:268:6:error_display	8	static
../Core/Src/error_display.c:286:6:display_errors	16	static
