../Core/Src/stm32g4xx_it.c:79:6:NMI_Handler	4	static
../Core/Src/stm32g4xx_it.c:94:6:HardFault_Handler	4	static
../Core/Src/stm32g4xx_it.c:109:6:MemManage_Handler	4	static
../Core/Src/stm32g4xx_it.c:124:6:BusFault_Handler	4	static
../Core/Src/stm32g4xx_it.c:139:6:UsageFault_Handler	4	static
../Core/Src/stm32g4xx_it.c:154:6:SVC_Handler	4	static
../Core/Src/stm32g4xx_it.c:167:6:DebugMon_Handler	4	static
../Core/Src/stm32g4xx_it.c:180:6:PendSV_Handler	4	static
../Core/Src/stm32g4xx_it.c:193:6:SysTick_Handler	8	static
../Core/Src/stm32g4xx_it.c:214:6:EXTI2_IRQHandler	8	static
../Core/Src/stm32g4xx_it.c:228:6:EXTI3_IRQHandler	8	static
../Core/Src/stm32g4xx_it.c:242:6:EXTI4_IRQHandler	8	static
../Core/Src/stm32g4xx_it.c:258:6:DMA1_Channel1_IRQHandler	8	static
../Core/Src/stm32g4xx_it.c:272:6:TIM1_UP_TIM16_IRQHandler	8	static
../Core/Src/stm32g4xx_it.c:286:6:TIM4_IRQHandler	8	static
../Core/Src/stm32g4xx_it.c:300:6:EXTI15_10_IRQHandler	8	static
../Core/Src/stm32g4xx_it.c:316:6:TIM6_DAC_IRQHandler	8	static
../Core/Src/stm32g4xx_it.c:331:6:TIM7_DAC_IRQHandler	8	static
