../App/Src/process.c:70:6:CELL_TEST	8	static
../App/Src/process.c:143:6:PSFBON	8	static
../App/Src/process.c:160:6:PSFBOFF	8	static
../App/Src/process.c:186:6:PWMON	8	static
../App/Src/process.c:199:6:PWMOFF	8	static
../App/Src/process.c:211:6:protectionMonitoring_DC	8	static
../App/Src/process.c:300:6:protectionMonitoring_Temp	8	static
../App/Src/process.c:380:6:Parameter_Calculations	8	static
../App/Src/process.c:457:6:tempParameter_Calculations	8	static
../App/Src/process.c:499:6:phaseShift_Pwm	4	static
../App/Src/process.c:514:6:dutyUpdate	4	static
../App/Src/process.c:535:6:ControlInit	8	static
../App/Src/process.c:574:6:ParaInit	4	static
../App/Src/process.c:674:6:Tim7_Execution	8	static
../App/Src/process.c:742:6:TIM6_Execution	8	static
../App/Src/process.c:766:6:turnOn_Scan	8	static
../App/Src/process.c:810:6:turnOn	8	static
../App/Src/process.c:818:6:turnOff	8	static
